    OpenRGB v0.9+ (1.0rc3)
    Commit:  from 
    Launched: 20260727_164506
====================================================================================================

0     |Info:    [ProfileManager] Found file: ambilight2.orp attempting to validate header
0     |Info:    [ProfileManager] Valid v5 profile found for ambilight2
52    |Info:    [ResourceManager] Initializing HID interfaces: Success
52    |Info:    ------------------------------------------------------
52    |Info:    |               Start device detection               |
52    |Info:    ------------------------------------------------------
62    |Info:    ------------------------------------------------------
62    |Info:    |             Detecting I2C interfaces               |
62    |Info:    ------------------------------------------------------
62    |Info:    [ResourceManager] Registering I2C interface: AMDGPU SMU 1 (/dev/i2c-3) Device 1002:744C Subsystem: 1002:0E3B
62    |Info:    [i2c_smbus_linux] Failed to read i2c device PCI device ID
62    |Info:    [ResourceManager] Registering I2C interface: AMDGPU DM aux hw bus 2 (/dev/i2c-10) Device 0000:0000 Subsystem: 0000:0000
62    |Info:    [ResourceManager] Registering I2C interface: Synopsys DesignWare I2C adapter (/dev/i2c-1) Device 1002:7444 Subsystem: 1002:0408
62    |Info:    [i2c_smbus_linux] Failed to read i2c device PCI device ID
62    |Info:    [ResourceManager] Registering I2C interface: AMDGPU DM aux hw bus 0 (/dev/i2c-8) Device 0000:0000 Subsystem: 0000:0000
62    |Info:    [ResourceManager] Registering I2C interface: AMDGPU DM i2c hw bus 2 (/dev/i2c-6) Device 1002:744C Subsystem: 1002:0E3B
62    |Info:    [ResourceManager] Registering I2C interface: SMBus PIIX4 adapter port 1 at 0b20 (/dev/i2c-13) Device 1022:790B Subsystem: 1462:7D78
62    |Info:    [ResourceManager] Registering I2C interface: AMDGPU DM i2c hw bus 0 (/dev/i2c-4) Device 1002:744C Subsystem: 1002:0E3B
62    |Info:    [ResourceManager] Registering I2C interface: SMBus PIIX4 adapter port 0 at 0b00 (/dev/i2c-11) Device 1022:790B Subsystem: 1462:7D78
62    |Info:    [ResourceManager] Registering I2C interface: AMDGPU SMU 0 (/dev/i2c-2) Device 1002:744C Subsystem: 1002:0E3B
63    |Info:    [ResourceManager] Registering I2C interface: Synopsys DesignWare I2C adapter (/dev/i2c-0) Device 0000:0000 Subsystem: 0000:0000
63    |Info:    [i2c_smbus_linux] Failed to read i2c device PCI device ID
63    |Info:    [ResourceManager] Registering I2C interface: AMDGPU DM aux hw bus 1 (/dev/i2c-9) Device 0000:0000 Subsystem: 0000:0000
63    |Info:    [ResourceManager] Registering I2C interface: AMDGPU DM i2c hw bus 3 (/dev/i2c-7) Device 1002:744C Subsystem: 1002:0E3B
63    |Info:    [ResourceManager] Registering I2C interface: AMDGPU DM i2c hw bus 1 (/dev/i2c-5) Device 1002:744C Subsystem: 1002:0E3B
63    |Info:    [ResourceManager] Registering I2C interface: SMBus PIIX4 adapter port 2 at 0b00 (/dev/i2c-12) Device 1022:790B Subsystem: 1462:7D78
63    |Info:    ------------------------------------------------------
63    |Info:    |               Detecting I2C devices                |
63    |Info:    ------------------------------------------------------
742   |Info:    ------------------------------------------------------
742   |Info:    |            Detecting I2C DIMM modules              |
742   |Info:    ------------------------------------------------------
804   |Info:    [ResourceManager] Detected occupied slot 2, bus 7, type DDR5
809   |Info:    [ResourceManager] Detected occupied slot 4, bus 7, type DDR5
887   |Info:    ------------------------------------------------------
887   |Info:    |               Detecting I2C PCI devices            |
887   |Info:    ------------------------------------------------------
888   |Info:    ------------------------------------------------------
888   |Info:    |               Detecting HID devices                |
888   |Info:    ------------------------------------------------------
910   |Info:    [MSI PRO B650-VC WIFI (MS-7D78)] Registering RGB controller
963   |Info:    [Razer Firefly V2] Registering RGB controller
1003  |Info:    [KLM] Created new Full 104 key ISO QWERTY with 6 rows and 21 columns containing 105 keys
1003  |Info:    [Razer Blackwidow V4 X] Registering RGB controller
1003  |Info:    ------------------------------------------------------
1003  |Info:    |            Detecting libusb HID devices            |
1003  |Info:    ------------------------------------------------------
1170  |Info:    ------------------------------------------------------
1170  |Info:    |              Detecting other devices               |
1170  |Info:    ------------------------------------------------------
1187  |Info:    [ResourceManager] Calling Post-detection callbacks
1187  |Info:    ------------------------------------------------------
1187  |Info:    |                Detection completed                 |
1187  |Info:    ------------------------------------------------------
2710  |Info:    [ProfileManager] Profile loading: Succeeded for MSI PRO B650-VC WIFI (MS-7D78) @ HID: /dev/hidraw2
2710  |Info:    [ProfileManager] Profile loading: Succeeded for Razer Firefly V2 @ HID: /dev/hidraw0
2710  |Info:    [ProfileManager] Profile loading: Succeeded for Razer Blackwidow V4 X @ HID: /dev/hidraw6
3573  |Info:    [ProfileManager] Profile loading: Succeeded for MSI PRO B650-VC WIFI (MS-7D78) @ HID: /dev/hidraw2
3573  |Info:    [ProfileManager] Profile loading: Succeeded for Razer Firefly V2 @ HID: /dev/hidraw0
3573  |Info:    [ProfileManager] Profile loading: Succeeded for Razer Blackwidow V4 X @ HID: /dev/hidraw6
