    OpenRGB v0.9+ (1.0rc2)
    Commit:  from 
    Launched: 20260516_171743
====================================================================================================

0     |Info:    [ProfileManager] Found file: sssijue.orp attempting to validate header
0     |Info:    [ProfileManager] Valid v5 profile found for sssijue
52    |Info:    [ResourceManager] Initializing HID interfaces: Success
52    |Info:    ------------------------------------------------------
52    |Info:    |               Start device detection               |
52    |Info:    ------------------------------------------------------
66    |Info:    ------------------------------------------------------
66    |Info:    |             Detecting I2C interfaces               |
66    |Info:    ------------------------------------------------------
67    |Info:    [ResourceManager] Registering I2C interface: /dev/i2c-3 Device 1002:744C Subsystem: 1002:0E3B
67    |Warning: [i2c_smbus_linux] Failed to read i2c device PCI device ID
67    |Info:    [ResourceManager] Registering I2C interface: /dev/i2c-10 Device 0000:0000 Subsystem: 0000:0000
67    |Info:    [ResourceManager] Registering I2C interface: /dev/i2c-1 Device 1002:7444 Subsystem: 1002:0408
67    |Warning: [i2c_smbus_linux] Failed to read i2c device PCI device ID
67    |Info:    [ResourceManager] Registering I2C interface: /dev/i2c-8 Device 0000:0000 Subsystem: 0000:0000
67    |Info:    [ResourceManager] Registering I2C interface: /dev/i2c-6 Device 1002:744C Subsystem: 1002:0E3B
67    |Info:    [ResourceManager] Registering I2C interface: /dev/i2c-13 Device 1022:790B Subsystem: 1462:7D78
67    |Info:    [ResourceManager] Registering I2C interface: /dev/i2c-4 Device 1002:744C Subsystem: 1002:0E3B
67    |Info:    [ResourceManager] Registering I2C interface: /dev/i2c-11 Device 1022:790B Subsystem: 1462:7D78
67    |Info:    [ResourceManager] Registering I2C interface: /dev/i2c-2 Device 1002:744C Subsystem: 1002:0E3B
67    |Info:    [ResourceManager] Registering I2C interface: /dev/i2c-0 Device 0000:0000 Subsystem: 0000:0000
67    |Warning: [i2c_smbus_linux] Failed to read i2c device PCI device ID
67    |Info:    [ResourceManager] Registering I2C interface: /dev/i2c-9 Device 0000:0000 Subsystem: 0000:0000
68    |Info:    [ResourceManager] Registering I2C interface: /dev/i2c-7 Device 1002:744C Subsystem: 1002:0E3B
68    |Info:    [ResourceManager] Registering I2C interface: /dev/i2c-5 Device 1002:744C Subsystem: 1002:0E3B
68    |Info:    [ResourceManager] Registering I2C interface: /dev/i2c-12 Device 1022:790B Subsystem: 1462:7D78
68    |Info:    ------------------------------------------------------
68    |Info:    |               Detecting I2C devices                |
68    |Info:    ------------------------------------------------------
1137  |Info:    ------------------------------------------------------
1137  |Info:    |            Detecting I2C DIMM modules              |
1137  |Info:    ------------------------------------------------------
1658  |Info:    [ResourceManager] Detected occupied slot 2, bus 7, type DDR5
2513  |Info:    [ResourceManager] Detected occupied slot 4, bus 7, type DDR5
2603  |Info:    ------------------------------------------------------
2603  |Info:    |               Detecting I2C PCI devices            |
2603  |Info:    ------------------------------------------------------
2604  |Info:    ------------------------------------------------------
2604  |Info:    |               Detecting HID devices                |
2604  |Info:    ------------------------------------------------------
2752  |Info:    [Razer Firefly V2] Registering RGB controller
2942  |Info:    [KLM] Created new Full 104 key ISO QWERTY with 6 rows and 21 columns containing 105 keys
2942  |Info:    [Razer Blackwidow V4 X] Registering RGB controller
2964  |Info:    [MSI PRO B650-VC WIFI (MS-7D78)] Registering RGB controller
2964  |Info:    ------------------------------------------------------
2964  |Info:    |            Detecting libusb HID devices            |
2964  |Info:    ------------------------------------------------------
3406  |Info:    ------------------------------------------------------
3406  |Info:    |              Detecting other devices               |
3406  |Info:    ------------------------------------------------------
3433  |Info:    [ResourceManager] Calling Post-detection callbacks
3433  |Info:    ------------------------------------------------------
3433  |Info:    |                Detection completed                 |
3433  |Info:    ------------------------------------------------------
