    OpenRGB v0.9+ (1.0rc3)
    Commit:  from 
    Launched: 20260723_193944
====================================================================================================

0     |Info:    [ProfileManager] Found file: ambilight2.orp attempting to validate header
0     |Info:    [ProfileManager] Valid v5 profile found for ambilight2
52    |Info:    [ResourceManager] Initializing HID interfaces: Success
52    |Info:    ------------------------------------------------------
52    |Info:    |               Start device detection               |
52    |Info:    ------------------------------------------------------
66    |Info:    ------------------------------------------------------
66    |Info:    |             Detecting I2C interfaces               |
66    |Info:    ------------------------------------------------------
66    |Info:    [ResourceManager] Registering I2C interface: AMDGPU SMU 1 (/dev/i2c-3) Device 1002:744C Subsystem: 1002:0E3B
66    |Info:    [i2c_smbus_linux] Failed to read i2c device PCI device ID
66    |Info:    [ResourceManager] Registering I2C interface: AMDGPU DM aux hw bus 2 (/dev/i2c-10) Device 0000:0000 Subsystem: 0000:0000
66    |Info:    [ResourceManager] Registering I2C interface: Synopsys DesignWare I2C adapter (/dev/i2c-1) Device 1002:7444 Subsystem: 1002:0408
66    |Info:    [i2c_smbus_linux] Failed to read i2c device PCI device ID
66    |Info:    [ResourceManager] Registering I2C interface: AMDGPU DM aux hw bus 0 (/dev/i2c-8) Device 0000:0000 Subsystem: 0000:0000
66    |Info:    [ResourceManager] Registering I2C interface: AMDGPU DM i2c hw bus 2 (/dev/i2c-6) Device 1002:744C Subsystem: 1002:0E3B
66    |Info:    [ResourceManager] Registering I2C interface: SMBus PIIX4 adapter port 1 at 0b20 (/dev/i2c-13) Device 1022:790B Subsystem: 1462:7D78
67    |Info:    [ResourceManager] Registering I2C interface: AMDGPU DM i2c hw bus 0 (/dev/i2c-4) Device 1002:744C Subsystem: 1002:0E3B
67    |Info:    [ResourceManager] Registering I2C interface: SMBus PIIX4 adapter port 0 at 0b00 (/dev/i2c-11) Device 1022:790B Subsystem: 1462:7D78
67    |Info:    [ResourceManager] Registering I2C interface: AMDGPU SMU 0 (/dev/i2c-2) Device 1002:744C Subsystem: 1002:0E3B
67    |Info:    [ResourceManager] Registering I2C interface: Synopsys DesignWare I2C adapter (/dev/i2c-0) Device 0000:0000 Subsystem: 0000:0000
67    |Info:    [i2c_smbus_linux] Failed to read i2c device PCI device ID
67    |Info:    [ResourceManager] Registering I2C interface: AMDGPU DM aux hw bus 1 (/dev/i2c-9) Device 0000:0000 Subsystem: 0000:0000
67    |Info:    [ResourceManager] Registering I2C interface: AMDGPU DM i2c hw bus 3 (/dev/i2c-7) Device 1002:744C Subsystem: 1002:0E3B
67    |Info:    [ResourceManager] Registering I2C interface: AMDGPU DM i2c hw bus 1 (/dev/i2c-5) Device 1002:744C Subsystem: 1002:0E3B
67    |Info:    [ResourceManager] Registering I2C interface: SMBus PIIX4 adapter port 2 at 0b00 (/dev/i2c-12) Device 1022:790B Subsystem: 1462:7D78
67    |Info:    ------------------------------------------------------
67    |Info:    |               Detecting I2C devices                |
67    |Info:    ------------------------------------------------------
756   |Info:    ------------------------------------------------------
756   |Info:    |            Detecting I2C DIMM modules              |
756   |Info:    ------------------------------------------------------
818   |Info:    [ResourceManager] Detected occupied slot 2, bus 7, type DDR5
822   |Info:    [ResourceManager] Detected occupied slot 4, bus 7, type DDR5
903   |Info:    ------------------------------------------------------
903   |Info:    |               Detecting I2C PCI devices            |
903   |Info:    ------------------------------------------------------
905   |Info:    ------------------------------------------------------
905   |Info:    |               Detecting HID devices                |
905   |Info:    ------------------------------------------------------
926   |Info:    [MSI PRO B650-VC WIFI (MS-7D78)] Registering RGB controller
979   |Info:    [Razer Firefly V2] Registering RGB controller
1019  |Info:    [KLM] Created new Full 104 key ISO QWERTY with 6 rows and 21 columns containing 105 keys
1019  |Info:    [Razer Blackwidow V4 X] Registering RGB controller
1019  |Info:    ------------------------------------------------------
1019  |Info:    |            Detecting libusb HID devices            |
1019  |Info:    ------------------------------------------------------
1185  |Info:    ------------------------------------------------------
1185  |Info:    |              Detecting other devices               |
1185  |Info:    ------------------------------------------------------
1204  |Info:    [ResourceManager] Calling Post-detection callbacks
1204  |Info:    ------------------------------------------------------
1204  |Info:    |                Detection completed                 |
1204  |Info:    ------------------------------------------------------
2205  |Info:    [ProfileManager] Profile loading: Succeeded for MSI PRO B650-VC WIFI (MS-7D78) @ HID: /dev/hidraw2
2205  |Info:    [ProfileManager] Profile loading: Succeeded for Razer Firefly V2 @ HID: /dev/hidraw0
2205  |Info:    [ProfileManager] Profile loading: Succeeded for Razer Blackwidow V4 X @ HID: /dev/hidraw9
3998  |Info:    [ProfileManager] Profile loading: Succeeded for MSI PRO B650-VC WIFI (MS-7D78) @ HID: /dev/hidraw2
3998  |Info:    [ProfileManager] Profile loading: Succeeded for Razer Firefly V2 @ HID: /dev/hidraw0
3998  |Info:    [ProfileManager] Profile loading: Succeeded for Razer Blackwidow V4 X @ HID: /dev/hidraw9
