    OpenRGB v0.9+ (1.0rc3)
    Commit:  from 
    Launched: 20260727_164500
====================================================================================================

21    |Info:    [ProfileManager] Found file: ambilight2.orp attempting to validate header
21    |Info:    [ProfileManager] Valid v5 profile found for ambilight2
73    |Info:    [ResourceManager] Initializing HID interfaces: Success
73    |Info:    ------------------------------------------------------
73    |Info:    |               Start device detection               |
73    |Info:    ------------------------------------------------------
83    |Info:    ------------------------------------------------------
83    |Info:    |             Detecting I2C interfaces               |
83    |Info:    ------------------------------------------------------
83    |Info:    [ResourceManager] Registering I2C interface: AMDGPU SMU 1 (/dev/i2c-3) Device 1002:744C Subsystem: 1002:0E3B
83    |Info:    [i2c_smbus_linux] Failed to read i2c device PCI device ID
83    |Info:    [ResourceManager] Registering I2C interface: AMDGPU DM aux hw bus 2 (/dev/i2c-10) Device 0000:0000 Subsystem: 0000:0000
83    |Info:    [ResourceManager] Registering I2C interface: Synopsys DesignWare I2C adapter (/dev/i2c-1) Device 1002:7444 Subsystem: 1002:0408
83    |Info:    [i2c_smbus_linux] Failed to read i2c device PCI device ID
83    |Info:    [ResourceManager] Registering I2C interface: AMDGPU DM aux hw bus 0 (/dev/i2c-8) Device 0000:0000 Subsystem: 0000:0000
83    |Info:    [ResourceManager] Registering I2C interface: AMDGPU DM i2c hw bus 2 (/dev/i2c-6) Device 1002:744C Subsystem: 1002:0E3B
83    |Info:    [ResourceManager] Registering I2C interface: SMBus PIIX4 adapter port 1 at 0b20 (/dev/i2c-13) Device 1022:790B Subsystem: 1462:7D78
83    |Info:    [ResourceManager] Registering I2C interface: AMDGPU DM i2c hw bus 0 (/dev/i2c-4) Device 1002:744C Subsystem: 1002:0E3B
83    |Info:    [ResourceManager] Registering I2C interface: SMBus PIIX4 adapter port 0 at 0b00 (/dev/i2c-11) Device 1022:790B Subsystem: 1462:7D78
83    |Info:    [ResourceManager] Registering I2C interface: AMDGPU SMU 0 (/dev/i2c-2) Device 1002:744C Subsystem: 1002:0E3B
83    |Info:    [ResourceManager] Registering I2C interface: Synopsys DesignWare I2C adapter (/dev/i2c-0) Device 0000:0000 Subsystem: 0000:0000
83    |Info:    [i2c_smbus_linux] Failed to read i2c device PCI device ID
83    |Info:    [ResourceManager] Registering I2C interface: AMDGPU DM aux hw bus 1 (/dev/i2c-9) Device 0000:0000 Subsystem: 0000:0000
83    |Info:    [ResourceManager] Registering I2C interface: AMDGPU DM i2c hw bus 3 (/dev/i2c-7) Device 1002:744C Subsystem: 1002:0E3B
83    |Info:    [ResourceManager] Registering I2C interface: AMDGPU DM i2c hw bus 1 (/dev/i2c-5) Device 1002:744C Subsystem: 1002:0E3B
83    |Info:    [ResourceManager] Registering I2C interface: SMBus PIIX4 adapter port 2 at 0b00 (/dev/i2c-12) Device 1022:790B Subsystem: 1462:7D78
83    |Info:    ------------------------------------------------------
83    |Info:    |               Detecting I2C devices                |
83    |Info:    ------------------------------------------------------
978   |Info:    ------------------------------------------------------
978   |Info:    |            Detecting I2C DIMM modules              |
978   |Info:    ------------------------------------------------------
1411  |Info:    [ResourceManager] Detected occupied slot 2, bus 7, type DDR5
2341  |Info:    [ResourceManager] Detected occupied slot 4, bus 7, type DDR5
2428  |Info:    ------------------------------------------------------
2428  |Info:    |               Detecting I2C PCI devices            |
2428  |Info:    ------------------------------------------------------
2429  |Info:    ------------------------------------------------------
2429  |Info:    |               Detecting HID devices                |
2429  |Info:    ------------------------------------------------------
2499  |Info:    [MSI PRO B650-VC WIFI (MS-7D78)] Registering RGB controller
2551  |Info:    [Razer Firefly V2] Registering RGB controller
2613  |Info:    [KLM] Created new Full 104 key ISO QWERTY with 6 rows and 21 columns containing 105 keys
2613  |Info:    [Razer Blackwidow V4 X] Registering RGB controller
2613  |Info:    ------------------------------------------------------
2613  |Info:    |            Detecting libusb HID devices            |
2613  |Info:    ------------------------------------------------------
2934  |Info:    ------------------------------------------------------
2934  |Info:    |              Detecting other devices               |
2934  |Info:    ------------------------------------------------------
2951  |Info:    [ResourceManager] Calling Post-detection callbacks
2951  |Info:    ------------------------------------------------------
2951  |Info:    |                Detection completed                 |
2951  |Info:    ------------------------------------------------------
