    OpenRGB v0.9+ (1.0rc2)
    Commit:  from 
    Launched: 20260526_235335
====================================================================================================

0     |Info:    [ProfileManager] Found file: sssijue.orp attempting to validate header
0     |Info:    [ProfileManager] Valid v5 profile found for sssijue
51    |Info:    [ResourceManager] Initializing HID interfaces: Success
51    |Info:    ------------------------------------------------------
51    |Info:    |               Start device detection               |
51    |Info:    ------------------------------------------------------
65    |Info:    ------------------------------------------------------
65    |Info:    |             Detecting I2C interfaces               |
65    |Info:    ------------------------------------------------------
65    |Info:    [ResourceManager] Registering I2C interface: /dev/i2c-3 Device 1002:744C Subsystem: 1002:0E3B
65    |Warning: [i2c_smbus_linux] Failed to read i2c device PCI device ID
65    |Info:    [ResourceManager] Registering I2C interface: /dev/i2c-10 Device 0000:0000 Subsystem: 0000:0000
65    |Info:    [ResourceManager] Registering I2C interface: /dev/i2c-1 Device 1002:7444 Subsystem: 1002:0408
65    |Warning: [i2c_smbus_linux] Failed to read i2c device PCI device ID
65    |Info:    [ResourceManager] Registering I2C interface: /dev/i2c-8 Device 0000:0000 Subsystem: 0000:0000
65    |Info:    [ResourceManager] Registering I2C interface: /dev/i2c-6 Device 1002:744C Subsystem: 1002:0E3B
65    |Info:    [ResourceManager] Registering I2C interface: /dev/i2c-13 Device 1022:790B Subsystem: 1462:7D78
66    |Info:    [ResourceManager] Registering I2C interface: /dev/i2c-4 Device 1002:744C Subsystem: 1002:0E3B
66    |Info:    [ResourceManager] Registering I2C interface: /dev/i2c-11 Device 1022:790B Subsystem: 1462:7D78
66    |Info:    [ResourceManager] Registering I2C interface: /dev/i2c-2 Device 1002:744C Subsystem: 1002:0E3B
66    |Info:    [ResourceManager] Registering I2C interface: /dev/i2c-0 Device 0000:0000 Subsystem: 0000:0000
66    |Warning: [i2c_smbus_linux] Failed to read i2c device PCI device ID
66    |Info:    [ResourceManager] Registering I2C interface: /dev/i2c-9 Device 0000:0000 Subsystem: 0000:0000
66    |Info:    [ResourceManager] Registering I2C interface: /dev/i2c-7 Device 1002:744C Subsystem: 1002:0E3B
66    |Info:    [ResourceManager] Registering I2C interface: /dev/i2c-5 Device 1002:744C Subsystem: 1002:0E3B
66    |Info:    [ResourceManager] Registering I2C interface: /dev/i2c-12 Device 1022:790B Subsystem: 1462:7D78
66    |Info:    ------------------------------------------------------
66    |Info:    |               Detecting I2C devices                |
66    |Info:    ------------------------------------------------------
1040  |Info:    ------------------------------------------------------
1041  |Info:    |            Detecting I2C DIMM modules              |
1041  |Info:    ------------------------------------------------------
1088  |Info:    [ResourceManager] Detected occupied slot 2, bus 7, type DDR5
1092  |Info:    [ResourceManager] Detected occupied slot 4, bus 7, type DDR5
1155  |Info:    ------------------------------------------------------
1155  |Info:    |               Detecting I2C PCI devices            |
1155  |Info:    ------------------------------------------------------
1156  |Info:    ------------------------------------------------------
1156  |Info:    |               Detecting HID devices                |
1156  |Info:    ------------------------------------------------------
1234  |Info:    [Razer Firefly V2] Registering RGB controller
1331  |Info:    [KLM] Created new Full 104 key ISO QWERTY with 6 rows and 21 columns containing 105 keys
1331  |Info:    [Razer Blackwidow V4 X] Registering RGB controller
1352  |Info:    [MSI PRO B650-VC WIFI (MS-7D78)] Registering RGB controller
1372  |Info:    ------------------------------------------------------
1372  |Info:    |            Detecting libusb HID devices            |
1372  |Info:    ------------------------------------------------------
1616  |Info:    ------------------------------------------------------
1616  |Info:    |              Detecting other devices               |
1616  |Info:    ------------------------------------------------------
1637  |Info:    [ResourceManager] Calling Post-detection callbacks
1637  |Info:    ------------------------------------------------------
1637  |Info:    |                Detection completed                 |
1637  |Info:    ------------------------------------------------------
9776  |Info:    [ResourceManager] Initializing HID interfaces: Success
9776  |Info:    ------------------------------------------------------
9776  |Info:    |               Start device detection               |
9776  |Info:    ------------------------------------------------------
9789  |Info:    ------------------------------------------------------
9789  |Info:    |             Detecting I2C interfaces               |
9789  |Info:    ------------------------------------------------------
9789  |Info:    [ResourceManager] Registering I2C interface: /dev/i2c-3 Device 1002:744C Subsystem: 1002:0E3B
9789  |Warning: [i2c_smbus_linux] Failed to read i2c device PCI device ID
9789  |Info:    [ResourceManager] Registering I2C interface: /dev/i2c-10 Device 0000:0000 Subsystem: 0000:0000
9789  |Info:    [ResourceManager] Registering I2C interface: /dev/i2c-1 Device 1002:7444 Subsystem: 1002:0408
9789  |Warning: [i2c_smbus_linux] Failed to read i2c device PCI device ID
9790  |Info:    [ResourceManager] Registering I2C interface: /dev/i2c-8 Device 0000:0000 Subsystem: 0000:0000
9790  |Info:    [ResourceManager] Registering I2C interface: /dev/i2c-6 Device 1002:744C Subsystem: 1002:0E3B
9790  |Info:    [ResourceManager] Registering I2C interface: /dev/i2c-13 Device 1022:790B Subsystem: 1462:7D78
9790  |Info:    [ResourceManager] Registering I2C interface: /dev/i2c-4 Device 1002:744C Subsystem: 1002:0E3B
9790  |Info:    [ResourceManager] Registering I2C interface: /dev/i2c-11 Device 1022:790B Subsystem: 1462:7D78
9790  |Info:    [ResourceManager] Registering I2C interface: /dev/i2c-2 Device 1002:744C Subsystem: 1002:0E3B
9790  |Info:    [ResourceManager] Registering I2C interface: /dev/i2c-0 Device 0000:0000 Subsystem: 0000:0000
9790  |Warning: [i2c_smbus_linux] Failed to read i2c device PCI device ID
9790  |Info:    [ResourceManager] Registering I2C interface: /dev/i2c-9 Device 0000:0000 Subsystem: 0000:0000
9790  |Info:    [ResourceManager] Registering I2C interface: /dev/i2c-7 Device 1002:744C Subsystem: 1002:0E3B
9790  |Info:    [ResourceManager] Registering I2C interface: /dev/i2c-5 Device 1002:744C Subsystem: 1002:0E3B
9790  |Info:    [ResourceManager] Registering I2C interface: /dev/i2c-12 Device 1022:790B Subsystem: 1462:7D78
9790  |Info:    ------------------------------------------------------
9790  |Info:    |               Detecting I2C devices                |
9790  |Info:    ------------------------------------------------------
10761 |Info:    ------------------------------------------------------
10761 |Info:    |            Detecting I2C DIMM modules              |
10761 |Info:    ------------------------------------------------------
10807 |Info:    [ResourceManager] Detected occupied slot 2, bus 7, type DDR5
10812 |Info:    [ResourceManager] Detected occupied slot 4, bus 7, type DDR5
10878 |Info:    ------------------------------------------------------
10878 |Info:    |               Detecting I2C PCI devices            |
10878 |Info:    ------------------------------------------------------
10879 |Info:    ------------------------------------------------------
10879 |Info:    |               Detecting HID devices                |
10879 |Info:    ------------------------------------------------------
10958 |Info:    [Razer Firefly V2] Registering RGB controller
11097 |Info:    [KLM] Created new Full 104 key ANSI QWERTY with 6 rows and 21 columns containing 104 keys
11097 |Info:    [Razer Blackwidow V4 X] Registering RGB controller
11136 |Info:    [MSI PRO B650-VC WIFI (MS-7D78)] Registering RGB controller
11156 |Info:    ------------------------------------------------------
11156 |Info:    |            Detecting libusb HID devices            |
11156 |Info:    ------------------------------------------------------
11391 |Info:    ------------------------------------------------------
11392 |Info:    |              Detecting other devices               |
11392 |Info:    ------------------------------------------------------
11402 |Info:    [ResourceManager] Calling Post-detection callbacks
11402 |Info:    ------------------------------------------------------
11402 |Info:    |                Detection completed                 |
11402 |Info:    ------------------------------------------------------
