    OpenRGB v0.9+ (1.0rc2)
    Commit:  from 
    Launched: 20260620_194042
====================================================================================================

1     |Info:    [ProfileManager] Found file: sssijue.orp attempting to validate header
3     |Info:    [ProfileManager] Valid v5 profile found for sssijue
3     |Info:    [ProfileManager] Found file: ambilight.orp attempting to validate header
7     |Info:    [ProfileManager] Valid v5 profile found for ambilight
61    |Info:    [ResourceManager] Initializing HID interfaces: Success
61    |Info:    ------------------------------------------------------
61    |Info:    |               Start device detection               |
61    |Info:    ------------------------------------------------------
72    |Info:    ------------------------------------------------------
72    |Info:    |             Detecting I2C interfaces               |
72    |Info:    ------------------------------------------------------
72    |Info:    [ResourceManager] Registering I2C interface: /dev/i2c-3 Device 1002:744C Subsystem: 1002:0E3B
72    |Warning: [i2c_smbus_linux] Failed to read i2c device PCI device ID
72    |Info:    [ResourceManager] Registering I2C interface: /dev/i2c-10 Device 0000:0000 Subsystem: 0000:0000
72    |Info:    [ResourceManager] Registering I2C interface: /dev/i2c-1 Device 1002:7444 Subsystem: 1002:0408
72    |Warning: [i2c_smbus_linux] Failed to read i2c device PCI device ID
72    |Info:    [ResourceManager] Registering I2C interface: /dev/i2c-8 Device 0000:0000 Subsystem: 0000:0000
72    |Info:    [ResourceManager] Registering I2C interface: /dev/i2c-6 Device 1002:744C Subsystem: 1002:0E3B
72    |Info:    [ResourceManager] Registering I2C interface: /dev/i2c-13 Device 1022:790B Subsystem: 1462:7D78
72    |Info:    [ResourceManager] Registering I2C interface: /dev/i2c-4 Device 1002:744C Subsystem: 1002:0E3B
72    |Info:    [ResourceManager] Registering I2C interface: /dev/i2c-11 Device 1022:790B Subsystem: 1462:7D78
72    |Info:    [ResourceManager] Registering I2C interface: /dev/i2c-2 Device 1002:744C Subsystem: 1002:0E3B
72    |Info:    [ResourceManager] Registering I2C interface: /dev/i2c-0 Device 0000:0000 Subsystem: 0000:0000
72    |Warning: [i2c_smbus_linux] Failed to read i2c device PCI device ID
72    |Info:    [ResourceManager] Registering I2C interface: /dev/i2c-9 Device 0000:0000 Subsystem: 0000:0000
72    |Info:    [ResourceManager] Registering I2C interface: /dev/i2c-7 Device 1002:744C Subsystem: 1002:0E3B
73    |Info:    [ResourceManager] Registering I2C interface: /dev/i2c-5 Device 1002:744C Subsystem: 1002:0E3B
73    |Info:    [ResourceManager] Registering I2C interface: /dev/i2c-12 Device 1022:790B Subsystem: 1462:7D78
73    |Info:    ------------------------------------------------------
73    |Info:    |               Detecting I2C devices                |
73    |Info:    ------------------------------------------------------
1050  |Info:    ------------------------------------------------------
1050  |Info:    |            Detecting I2C DIMM modules              |
1050  |Info:    ------------------------------------------------------
1977  |Info:    [ResourceManager] Detected occupied slot 2, bus 7, type DDR5
2854  |Info:    [ResourceManager] Detected occupied slot 4, bus 7, type DDR5
2932  |Info:    ------------------------------------------------------
2932  |Info:    |               Detecting I2C PCI devices            |
2932  |Info:    ------------------------------------------------------
2934  |Info:    ------------------------------------------------------
2934  |Info:    |               Detecting HID devices                |
2934  |Info:    ------------------------------------------------------
2935  |Info:    [HyperX Pulsefire Core] Registering RGB controller
3024  |Info:    [MSI PRO B650-VC WIFI (MS-7D78)] Registering RGB controller
3082  |Info:    [Razer Firefly V2] Registering RGB controller
3145  |Info:    [KLM] Created new Full 104 key ISO QWERTY with 6 rows and 21 columns containing 105 keys
3145  |Info:    [Razer Blackwidow V4 X] Registering RGB controller
3145  |Info:    ------------------------------------------------------
3145  |Info:    |            Detecting libusb HID devices            |
3145  |Info:    ------------------------------------------------------
3571  |Info:    ------------------------------------------------------
3571  |Info:    |              Detecting other devices               |
3571  |Info:    ------------------------------------------------------
3623  |Info:    [ResourceManager] Calling Post-detection callbacks
3623  |Info:    ------------------------------------------------------
3623  |Info:    |                Detection completed                 |
3623  |Info:    ------------------------------------------------------
3624  |Info:    [ProfileManager] Profile loading: FAILED! for HyperX Pulsefire Core @ HID /dev/hidraw5
3624  |Info:    [ProfileManager] Profile loading: Succeeded for MSI PRO B650-VC WIFI (MS-7D78) @ HID: /dev/hidraw2
3624  |Info:    [ProfileManager] Profile loading: Succeeded for Razer Firefly V2 @ HID: /dev/hidraw0
3624  |Info:    [ProfileManager] Profile loading: Succeeded for Razer Blackwidow V4 X @ HID: /dev/hidraw9
