    OpenRGB v0.9+ (1.0rc2)
    Commit:  from 
    Launched: 20260529_082838
====================================================================================================

0     |Info:    [ProfileManager] Found file: sssijue.orp attempting to validate header
0     |Info:    [ProfileManager] Valid v5 profile found for sssijue
0     |Info:    [ProfileManager] Found file: ambilight.orp attempting to validate header
0     |Info:    [ProfileManager] Valid v5 profile found for ambilight
52    |Info:    [ResourceManager] Initializing HID interfaces: Success
52    |Info:    ------------------------------------------------------
52    |Info:    |               Start device detection               |
52    |Info:    ------------------------------------------------------
66    |Info:    ------------------------------------------------------
66    |Info:    |             Detecting I2C interfaces               |
66    |Info:    ------------------------------------------------------
66    |Info:    [ResourceManager] Registering I2C interface: /dev/i2c-3 Device 1002:744C Subsystem: 1002:0E3B
66    |Warning: [i2c_smbus_linux] Failed to read i2c device PCI device ID
66    |Info:    [ResourceManager] Registering I2C interface: /dev/i2c-10 Device 0000:0000 Subsystem: 0000:0000
66    |Info:    [ResourceManager] Registering I2C interface: /dev/i2c-1 Device 1002:7444 Subsystem: 1002:0408
66    |Warning: [i2c_smbus_linux] Failed to read i2c device PCI device ID
66    |Info:    [ResourceManager] Registering I2C interface: /dev/i2c-8 Device 0000:0000 Subsystem: 0000:0000
66    |Info:    [ResourceManager] Registering I2C interface: /dev/i2c-6 Device 1002:744C Subsystem: 1002:0E3B
66    |Info:    [ResourceManager] Registering I2C interface: /dev/i2c-13 Device 1022:790B Subsystem: 1462:7D78
66    |Info:    [ResourceManager] Registering I2C interface: /dev/i2c-4 Device 1002:744C Subsystem: 1002:0E3B
66    |Info:    [ResourceManager] Registering I2C interface: /dev/i2c-11 Device 1022:790B Subsystem: 1462:7D78
67    |Info:    [ResourceManager] Registering I2C interface: /dev/i2c-2 Device 1002:744C Subsystem: 1002:0E3B
67    |Info:    [ResourceManager] Registering I2C interface: /dev/i2c-0 Device 0000:0000 Subsystem: 0000:0000
67    |Warning: [i2c_smbus_linux] Failed to read i2c device PCI device ID
67    |Info:    [ResourceManager] Registering I2C interface: /dev/i2c-9 Device 0000:0000 Subsystem: 0000:0000
67    |Info:    [ResourceManager] Registering I2C interface: /dev/i2c-7 Device 1002:744C Subsystem: 1002:0E3B
67    |Info:    [ResourceManager] Registering I2C interface: /dev/i2c-5 Device 1002:744C Subsystem: 1002:0E3B
67    |Info:    [ResourceManager] Registering I2C interface: /dev/i2c-12 Device 1022:790B Subsystem: 1462:7D78
67    |Info:    ------------------------------------------------------
67    |Info:    |               Detecting I2C devices                |
67    |Info:    ------------------------------------------------------
1149  |Info:    ------------------------------------------------------
1149  |Info:    |            Detecting I2C DIMM modules              |
1149  |Info:    ------------------------------------------------------
1676  |Info:    [ResourceManager] Detected occupied slot 2, bus 7, type DDR5
2528  |Info:    [ResourceManager] Detected occupied slot 4, bus 7, type DDR5
2597  |Info:    ------------------------------------------------------
2597  |Info:    |               Detecting I2C PCI devices            |
2597  |Info:    ------------------------------------------------------
2598  |Info:    ------------------------------------------------------
2598  |Info:    |               Detecting HID devices                |
2598  |Info:    ------------------------------------------------------
2726  |Info:    [Razer Firefly V2] Registering RGB controller
2888  |Info:    [KLM] Created new Full 104 key ISO QWERTY with 6 rows and 21 columns containing 105 keys
2888  |Info:    [Razer Blackwidow V4 X] Registering RGB controller
2970  |Info:    [MSI PRO B650-VC WIFI (MS-7D78)] Registering RGB controller
2970  |Info:    ------------------------------------------------------
2970  |Info:    |            Detecting libusb HID devices            |
2970  |Info:    ------------------------------------------------------
3435  |Info:    ------------------------------------------------------
3436  |Info:    |              Detecting other devices               |
3436  |Info:    ------------------------------------------------------
3456  |Info:    [ResourceManager] Calling Post-detection callbacks
3456  |Info:    ------------------------------------------------------
3456  |Info:    |                Detection completed                 |
3456  |Info:    ------------------------------------------------------
3723  |Info:    [ProfileManager] Profile loading: Succeeded for Razer Firefly V2 @ HID: /dev/hidraw1
3723  |Info:    [ProfileManager] Profile loading: Succeeded for Razer Blackwidow V4 X @ HID: /dev/hidraw8
3723  |Info:    [ProfileManager] Profile loading: Succeeded for MSI PRO B650-VC WIFI (MS-7D78) @ HID: /dev/hidraw0
