    OpenRGB v0.9+ (1.0rc2)
    Commit:  from 
    Launched: 20260701_092643
====================================================================================================

3     |Info:    [ProfileManager] Found file: ambilight.orp attempting to validate header
4     |Info:    [ProfileManager] Valid v5 profile found for ambilight
56    |Info:    [ResourceManager] Initializing HID interfaces: Success
56    |Info:    ------------------------------------------------------
56    |Info:    |               Start device detection               |
56    |Info:    ------------------------------------------------------
66    |Info:    ------------------------------------------------------
66    |Info:    |             Detecting I2C interfaces               |
66    |Info:    ------------------------------------------------------
66    |Info:    [ResourceManager] Registering I2C interface: /dev/i2c-3 Device 1002:744C Subsystem: 1002:0E3B
66    |Warning: [i2c_smbus_linux] Failed to read i2c device PCI device ID
66    |Info:    [ResourceManager] Registering I2C interface: /dev/i2c-10 Device 0000:0000 Subsystem: 0000:0000
66    |Info:    [ResourceManager] Registering I2C interface: /dev/i2c-1 Device 1002:7444 Subsystem: 1002:0408
66    |Warning: [i2c_smbus_linux] Failed to read i2c device PCI device ID
66    |Info:    [ResourceManager] Registering I2C interface: /dev/i2c-8 Device 0000:0000 Subsystem: 0000:0000
66    |Info:    [ResourceManager] Registering I2C interface: /dev/i2c-6 Device 1002:744C Subsystem: 1002:0E3B
66    |Info:    [ResourceManager] Registering I2C interface: /dev/i2c-13 Device 1022:790B Subsystem: 1462:7D78
66    |Info:    [ResourceManager] Registering I2C interface: /dev/i2c-4 Device 1002:744C Subsystem: 1002:0E3B
67    |Info:    [ResourceManager] Registering I2C interface: /dev/i2c-11 Device 1022:790B Subsystem: 1462:7D78
67    |Info:    [ResourceManager] Registering I2C interface: /dev/i2c-2 Device 1002:744C Subsystem: 1002:0E3B
67    |Info:    [ResourceManager] Registering I2C interface: /dev/i2c-0 Device 0000:0000 Subsystem: 0000:0000
67    |Warning: [i2c_smbus_linux] Failed to read i2c device PCI device ID
67    |Info:    [ResourceManager] Registering I2C interface: /dev/i2c-9 Device 0000:0000 Subsystem: 0000:0000
67    |Info:    [ResourceManager] Registering I2C interface: /dev/i2c-7 Device 1002:744C Subsystem: 1002:0E3B
67    |Info:    [ResourceManager] Registering I2C interface: /dev/i2c-5 Device 1002:744C Subsystem: 1002:0E3B
67    |Info:    [ResourceManager] Registering I2C interface: /dev/i2c-12 Device 1022:790B Subsystem: 1462:7D78
67    |Info:    ------------------------------------------------------
67    |Info:    |               Detecting I2C devices                |
67    |Info:    ------------------------------------------------------
1046  |Info:    ------------------------------------------------------
1046  |Info:    |            Detecting I2C DIMM modules              |
1046  |Info:    ------------------------------------------------------
1960  |Info:    [ResourceManager] Detected occupied slot 2, bus 7, type DDR5
2825  |Info:    [ResourceManager] Detected occupied slot 4, bus 7, type DDR5
2895  |Info:    ------------------------------------------------------
2895  |Info:    |               Detecting I2C PCI devices            |
2895  |Info:    ------------------------------------------------------
2896  |Info:    ------------------------------------------------------
2896  |Info:    |               Detecting HID devices                |
2896  |Info:    ------------------------------------------------------
2969  |Info:    [MSI PRO B650-VC WIFI (MS-7D78)] Registering RGB controller
3018  |Info:    [Razer Firefly V2] Registering RGB controller
3075  |Info:    [KLM] Created new Full 104 key ISO QWERTY with 6 rows and 21 columns containing 105 keys
3075  |Info:    [Razer Blackwidow V4 X] Registering RGB controller
3075  |Info:    ------------------------------------------------------
3075  |Info:    |            Detecting libusb HID devices            |
3075  |Info:    ------------------------------------------------------
3337  |Info:    ------------------------------------------------------
3337  |Info:    |              Detecting other devices               |
3337  |Info:    ------------------------------------------------------
3356  |Info:    [ResourceManager] Calling Post-detection callbacks
3356  |Info:    ------------------------------------------------------
3356  |Info:    |                Detection completed                 |
3356  |Info:    ------------------------------------------------------
3356  |Info:    [ProfileManager] Profile loading: Succeeded for MSI PRO B650-VC WIFI (MS-7D78) @ HID: /dev/hidraw2
3356  |Info:    [ProfileManager] Profile loading: Succeeded for Razer Firefly V2 @ HID: /dev/hidraw0
3356  |Info:    [ProfileManager] Profile loading: Succeeded for Razer Blackwidow V4 X @ HID: /dev/hidraw9
