    OpenRGB v0.9+ (1.0rc3)
    Commit:  from 
    Launched: 20260710_161801
====================================================================================================

6     |Info:    [ProfileManager] Found file: ambilight.orp attempting to validate header
6     |Info:    [ProfileManager] Valid v5 profile found for ambilight
59    |Info:    [ResourceManager] Initializing HID interfaces: Success
59    |Info:    ------------------------------------------------------
59    |Info:    |               Start device detection               |
59    |Info:    ------------------------------------------------------
69    |Info:    ------------------------------------------------------
69    |Info:    |             Detecting I2C interfaces               |
69    |Info:    ------------------------------------------------------
69    |Info:    [ResourceManager] Registering I2C interface: AMDGPU SMU 1 (/dev/i2c-3) Device 1002:744C Subsystem: 1002:0E3B
69    |Info:    [i2c_smbus_linux] Failed to read i2c device PCI device ID
69    |Info:    [ResourceManager] Registering I2C interface: AMDGPU DM aux hw bus 2 (/dev/i2c-10) Device 0000:0000 Subsystem: 0000:0000
69    |Info:    [ResourceManager] Registering I2C interface: Synopsys DesignWare I2C adapter (/dev/i2c-1) Device 1002:7444 Subsystem: 1002:0408
69    |Info:    [i2c_smbus_linux] Failed to read i2c device PCI device ID
69    |Info:    [ResourceManager] Registering I2C interface: AMDGPU DM aux hw bus 0 (/dev/i2c-8) Device 0000:0000 Subsystem: 0000:0000
69    |Info:    [ResourceManager] Registering I2C interface: AMDGPU DM i2c hw bus 2 (/dev/i2c-6) Device 1002:744C Subsystem: 1002:0E3B
69    |Info:    [ResourceManager] Registering I2C interface: SMBus PIIX4 adapter port 1 at 0b20 (/dev/i2c-13) Device 1022:790B Subsystem: 1462:7D78
69    |Info:    [ResourceManager] Registering I2C interface: AMDGPU DM i2c hw bus 0 (/dev/i2c-4) Device 1002:744C Subsystem: 1002:0E3B
69    |Info:    [ResourceManager] Registering I2C interface: SMBus PIIX4 adapter port 0 at 0b00 (/dev/i2c-11) Device 1022:790B Subsystem: 1462:7D78
69    |Info:    [ResourceManager] Registering I2C interface: AMDGPU SMU 0 (/dev/i2c-2) Device 1002:744C Subsystem: 1002:0E3B
69    |Info:    [ResourceManager] Registering I2C interface: Synopsys DesignWare I2C adapter (/dev/i2c-0) Device 0000:0000 Subsystem: 0000:0000
69    |Info:    [i2c_smbus_linux] Failed to read i2c device PCI device ID
69    |Info:    [ResourceManager] Registering I2C interface: AMDGPU DM aux hw bus 1 (/dev/i2c-9) Device 0000:0000 Subsystem: 0000:0000
69    |Info:    [ResourceManager] Registering I2C interface: AMDGPU DM i2c hw bus 3 (/dev/i2c-7) Device 1002:744C Subsystem: 1002:0E3B
69    |Info:    [ResourceManager] Registering I2C interface: AMDGPU DM i2c hw bus 1 (/dev/i2c-5) Device 1002:744C Subsystem: 1002:0E3B
69    |Info:    [ResourceManager] Registering I2C interface: SMBus PIIX4 adapter port 2 at 0b00 (/dev/i2c-12) Device 1022:790B Subsystem: 1462:7D78
69    |Info:    ------------------------------------------------------
69    |Info:    |               Detecting I2C devices                |
69    |Info:    ------------------------------------------------------
747   |Info:    ------------------------------------------------------
747   |Info:    |            Detecting I2C DIMM modules              |
747   |Info:    ------------------------------------------------------
1702  |Info:    [ResourceManager] Detected occupied slot 2, bus 7, type DDR5
2554  |Info:    [ResourceManager] Detected occupied slot 4, bus 7, type DDR5
2641  |Info:    ------------------------------------------------------
2641  |Info:    |               Detecting I2C PCI devices            |
2641  |Info:    ------------------------------------------------------
2643  |Info:    ------------------------------------------------------
2643  |Info:    |               Detecting HID devices                |
2643  |Info:    ------------------------------------------------------
2721  |Info:    [MSI PRO B650-VC WIFI (MS-7D78)] Registering RGB controller
2776  |Info:    [Razer Firefly V2] Registering RGB controller
2836  |Info:    [KLM] Created new Full 104 key ISO QWERTY with 6 rows and 21 columns containing 105 keys
2836  |Info:    [Razer Blackwidow V4 X] Registering RGB controller
2837  |Info:    ------------------------------------------------------
2837  |Info:    |            Detecting libusb HID devices            |
2837  |Info:    ------------------------------------------------------
3136  |Info:    ------------------------------------------------------
3136  |Info:    |              Detecting other devices               |
3136  |Info:    ------------------------------------------------------
3156  |Info:    [ResourceManager] Calling Post-detection callbacks
3156  |Info:    ------------------------------------------------------
3156  |Info:    |                Detection completed                 |
3156  |Info:    ------------------------------------------------------
3158  |Info:    [ProfileManager] Profile loading: Succeeded for MSI PRO B650-VC WIFI (MS-7D78) @ HID: /dev/hidraw2
3158  |Info:    [ProfileManager] Profile loading: FAILED! for Razer Firefly V2 @ HID: /dev/hidraw0
3158  |Info:    [ProfileManager] Profile loading: FAILED! for Razer Blackwidow V4 X @ HID: /dev/hidraw9
