    OpenRGB v0.9+ (1.0rc2)
    Commit:  from 
    Launched: 20260417_215050
====================================================================================================

0     |Info:    [ProfileManager] Found file: sssijue.orp attempting to validate header
0     |Info:    [ProfileManager] Valid v5 profile found for sssijue
52    |Info:    [ResourceManager] Initializing HID interfaces: Success
53    |Info:    ------------------------------------------------------
53    |Info:    |               Start device detection               |
53    |Info:    ------------------------------------------------------
68    |Info:    ------------------------------------------------------
68    |Info:    |             Detecting I2C interfaces               |
68    |Info:    ------------------------------------------------------
68    |Info:    [ResourceManager] Registering I2C interface: /dev/i2c-3 Device 1002:744C Subsystem: 1002:0E3B
68    |Warning: [i2c_smbus_linux] Failed to read i2c device PCI device ID
68    |Info:    [ResourceManager] Registering I2C interface: /dev/i2c-10 Device 0000:0000 Subsystem: 0000:0000
68    |Info:    [ResourceManager] Registering I2C interface: /dev/i2c-1 Device 1002:7444 Subsystem: 1002:0408
69    |Warning: [i2c_smbus_linux] Failed to read i2c device PCI device ID
69    |Info:    [ResourceManager] Registering I2C interface: /dev/i2c-8 Device 0000:0000 Subsystem: 0000:0000
69    |Info:    [ResourceManager] Registering I2C interface: /dev/i2c-6 Device 1002:744C Subsystem: 1002:0E3B
69    |Info:    [ResourceManager] Registering I2C interface: /dev/i2c-13 Device 1022:790B Subsystem: 1462:7D78
69    |Info:    [ResourceManager] Registering I2C interface: /dev/i2c-4 Device 1002:744C Subsystem: 1002:0E3B
69    |Info:    [ResourceManager] Registering I2C interface: /dev/i2c-11 Device 1022:790B Subsystem: 1462:7D78
69    |Info:    [ResourceManager] Registering I2C interface: /dev/i2c-2 Device 1002:744C Subsystem: 1002:0E3B
69    |Info:    [ResourceManager] Registering I2C interface: /dev/i2c-0 Device 0000:0000 Subsystem: 0000:0000
69    |Warning: [i2c_smbus_linux] Failed to read i2c device PCI device ID
69    |Info:    [ResourceManager] Registering I2C interface: /dev/i2c-9 Device 0000:0000 Subsystem: 0000:0000
69    |Info:    [ResourceManager] Registering I2C interface: /dev/i2c-7 Device 1002:744C Subsystem: 1002:0E3B
69    |Info:    [ResourceManager] Registering I2C interface: /dev/i2c-5 Device 1002:744C Subsystem: 1002:0E3B
69    |Info:    [ResourceManager] Registering I2C interface: /dev/i2c-12 Device 1022:790B Subsystem: 1462:7D78
69    |Info:    ------------------------------------------------------
69    |Info:    |               Detecting I2C devices                |
69    |Info:    ------------------------------------------------------
1259  |Info:    ------------------------------------------------------
1259  |Info:    |            Detecting I2C DIMM modules              |
1259  |Info:    ------------------------------------------------------
1683  |Info:    [ResourceManager] Detected occupied slot 2, bus 7, type DDR5
2583  |Info:    [ResourceManager] Detected occupied slot 4, bus 7, type DDR5
2668  |Info:    ------------------------------------------------------
2668  |Info:    |               Detecting I2C PCI devices            |
2668  |Info:    ------------------------------------------------------
2669  |Info:    ------------------------------------------------------
2669  |Info:    |               Detecting HID devices                |
2669  |Info:    ------------------------------------------------------
2795  |Info:    [Razer Firefly V2] Registering RGB controller
2958  |Info:    [KLM] Created new Full 104 key ISO QWERTY with 6 rows and 21 columns containing 105 keys
2958  |Info:    [Razer Blackwidow V4 X] Registering RGB controller
3355  |Info:    [MSI PRO B650-VC WIFI (MS-7D78)] Registering RGB controller
3355  |Info:    ------------------------------------------------------
3355  |Info:    |            Detecting libusb HID devices            |
3355  |Info:    ------------------------------------------------------
3837  |Info:    ------------------------------------------------------
3837  |Info:    |              Detecting other devices               |
3837  |Info:    ------------------------------------------------------
3864  |Info:    [ResourceManager] Calling Post-detection callbacks
3864  |Info:    ------------------------------------------------------
3864  |Info:    |                Detection completed                 |
3864  |Info:    ------------------------------------------------------
