    OpenRGB v0.9+ (1.0rc2)
    Commit:  from 
    Launched: 20260620_213149
====================================================================================================

0     |Info:    [ProfileManager] Found file: sssijue.orp attempting to validate header
0     |Info:    [ProfileManager] Valid v5 profile found for sssijue
0     |Info:    [ProfileManager] Found file: ambilight.orp attempting to validate header
0     |Info:    [ProfileManager] Valid v5 profile found for ambilight
51    |Info:    [ResourceManager] Initializing HID interfaces: Success
52    |Info:    ------------------------------------------------------
52    |Info:    |               Start device detection               |
52    |Info:    ------------------------------------------------------
63    |Info:    ------------------------------------------------------
63    |Info:    |             Detecting I2C interfaces               |
63    |Info:    ------------------------------------------------------
63    |Info:    [ResourceManager] Registering I2C interface: /dev/i2c-3 Device 1002:744C Subsystem: 1002:0E3B
64    |Warning: [i2c_smbus_linux] Failed to read i2c device PCI device ID
64    |Info:    [ResourceManager] Registering I2C interface: /dev/i2c-10 Device 0000:0000 Subsystem: 0000:0000
64    |Info:    [ResourceManager] Registering I2C interface: /dev/i2c-1 Device 1002:7444 Subsystem: 1002:0408
64    |Warning: [i2c_smbus_linux] Failed to read i2c device PCI device ID
64    |Info:    [ResourceManager] Registering I2C interface: /dev/i2c-8 Device 0000:0000 Subsystem: 0000:0000
64    |Info:    [ResourceManager] Registering I2C interface: /dev/i2c-6 Device 1002:744C Subsystem: 1002:0E3B
64    |Info:    [ResourceManager] Registering I2C interface: /dev/i2c-13 Device 1022:790B Subsystem: 1462:7D78
64    |Info:    [ResourceManager] Registering I2C interface: /dev/i2c-4 Device 1002:744C Subsystem: 1002:0E3B
64    |Info:    [ResourceManager] Registering I2C interface: /dev/i2c-11 Device 1022:790B Subsystem: 1462:7D78
64    |Info:    [ResourceManager] Registering I2C interface: /dev/i2c-2 Device 1002:744C Subsystem: 1002:0E3B
64    |Info:    [ResourceManager] Registering I2C interface: /dev/i2c-0 Device 0000:0000 Subsystem: 0000:0000
64    |Warning: [i2c_smbus_linux] Failed to read i2c device PCI device ID
64    |Info:    [ResourceManager] Registering I2C interface: /dev/i2c-9 Device 0000:0000 Subsystem: 0000:0000
64    |Info:    [ResourceManager] Registering I2C interface: /dev/i2c-7 Device 1002:744C Subsystem: 1002:0E3B
64    |Info:    [ResourceManager] Registering I2C interface: /dev/i2c-5 Device 1002:744C Subsystem: 1002:0E3B
64    |Info:    [ResourceManager] Registering I2C interface: /dev/i2c-12 Device 1022:790B Subsystem: 1462:7D78
64    |Info:    ------------------------------------------------------
64    |Info:    |               Detecting I2C devices                |
64    |Info:    ------------------------------------------------------
1043  |Info:    ------------------------------------------------------
1043  |Info:    |            Detecting I2C DIMM modules              |
1043  |Info:    ------------------------------------------------------
1090  |Info:    [ResourceManager] Detected occupied slot 2, bus 7, type DDR5
1095  |Info:    [ResourceManager] Detected occupied slot 4, bus 7, type DDR5
1160  |Info:    ------------------------------------------------------
1160  |Info:    |               Detecting I2C PCI devices            |
1160  |Info:    ------------------------------------------------------
1161  |Info:    ------------------------------------------------------
1161  |Info:    |               Detecting HID devices                |
1161  |Info:    ------------------------------------------------------
1173  |Info:    [HyperX Pulsefire Core] Registering RGB controller
1197  |Info:    [MSI PRO B650-VC WIFI (MS-7D78)] Registering RGB controller
1266  |Info:    [Razer Firefly V2] Registering RGB controller
1331  |Info:    [KLM] Created new Full 104 key ISO QWERTY with 6 rows and 21 columns containing 105 keys
1331  |Info:    [Razer Blackwidow V4 X] Registering RGB controller
1331  |Info:    ------------------------------------------------------
1331  |Info:    |            Detecting libusb HID devices            |
1331  |Info:    ------------------------------------------------------
1919  |Info:    ------------------------------------------------------
1919  |Info:    |              Detecting other devices               |
1919  |Info:    ------------------------------------------------------
1939  |Info:    [ResourceManager] Calling Post-detection callbacks
1939  |Info:    ------------------------------------------------------
1939  |Info:    |                Detection completed                 |
1939  |Info:    ------------------------------------------------------
22474 |Info:    [ResourceManager] Initializing HID interfaces: Success
22474 |Info:    ------------------------------------------------------
22474 |Info:    |               Start device detection               |
22474 |Info:    ------------------------------------------------------
22487 |Info:    ------------------------------------------------------
22487 |Info:    |             Detecting I2C interfaces               |
22487 |Info:    ------------------------------------------------------
22487 |Info:    [ResourceManager] Registering I2C interface: /dev/i2c-3 Device 1002:744C Subsystem: 1002:0E3B
22487 |Warning: [i2c_smbus_linux] Failed to read i2c device PCI device ID
22487 |Info:    [ResourceManager] Registering I2C interface: /dev/i2c-10 Device 0000:0000 Subsystem: 0000:0000
22487 |Info:    [ResourceManager] Registering I2C interface: /dev/i2c-1 Device 1002:7444 Subsystem: 1002:0408
22487 |Warning: [i2c_smbus_linux] Failed to read i2c device PCI device ID
22487 |Info:    [ResourceManager] Registering I2C interface: /dev/i2c-8 Device 0000:0000 Subsystem: 0000:0000
22487 |Info:    [ResourceManager] Registering I2C interface: /dev/i2c-6 Device 1002:744C Subsystem: 1002:0E3B
22487 |Info:    [ResourceManager] Registering I2C interface: /dev/i2c-13 Device 1022:790B Subsystem: 1462:7D78
22496 |Info:    [ResourceManager] Registering I2C interface: /dev/i2c-4 Device 1002:744C Subsystem: 1002:0E3B
22496 |Info:    [ResourceManager] Registering I2C interface: /dev/i2c-11 Device 1022:790B Subsystem: 1462:7D78
22496 |Info:    [ResourceManager] Registering I2C interface: /dev/i2c-2 Device 1002:744C Subsystem: 1002:0E3B
22496 |Info:    [ResourceManager] Registering I2C interface: /dev/i2c-0 Device 0000:0000 Subsystem: 0000:0000
22496 |Warning: [i2c_smbus_linux] Failed to read i2c device PCI device ID
22496 |Info:    [ResourceManager] Registering I2C interface: /dev/i2c-9 Device 0000:0000 Subsystem: 0000:0000
22496 |Info:    [ResourceManager] Registering I2C interface: /dev/i2c-7 Device 1002:744C Subsystem: 1002:0E3B
22497 |Info:    [ResourceManager] Registering I2C interface: /dev/i2c-5 Device 1002:744C Subsystem: 1002:0E3B
22497 |Info:    [ResourceManager] Registering I2C interface: /dev/i2c-12 Device 1022:790B Subsystem: 1462:7D78
22497 |Info:    ------------------------------------------------------
22497 |Info:    |               Detecting I2C devices                |
22497 |Info:    ------------------------------------------------------
23474 |Info:    ------------------------------------------------------
23474 |Info:    |            Detecting I2C DIMM modules              |
23474 |Info:    ------------------------------------------------------
23521 |Info:    [ResourceManager] Detected occupied slot 2, bus 7, type DDR5
23527 |Info:    [ResourceManager] Detected occupied slot 4, bus 7, type DDR5
23592 |Info:    ------------------------------------------------------
23592 |Info:    |               Detecting I2C PCI devices            |
23592 |Info:    ------------------------------------------------------
23594 |Info:    ------------------------------------------------------
23594 |Info:    |               Detecting HID devices                |
23594 |Info:    ------------------------------------------------------
23617 |Info:    [MSI PRO B650-VC WIFI (MS-7D78)] Registering RGB controller
23682 |Info:    [Razer Firefly V2] Registering RGB controller
23745 |Info:    [KLM] Created new Full 104 key ISO QWERTY with 6 rows and 21 columns containing 105 keys
23745 |Info:    [Razer Blackwidow V4 X] Registering RGB controller
23745 |Info:    ------------------------------------------------------
23745 |Info:    |            Detecting libusb HID devices            |
23745 |Info:    ------------------------------------------------------
24085 |Info:    ------------------------------------------------------
24085 |Info:    |              Detecting other devices               |
24085 |Info:    ------------------------------------------------------
24097 |Info:    [ResourceManager] Calling Post-detection callbacks
24097 |Info:    ------------------------------------------------------
24097 |Info:    |                Detection completed                 |
24097 |Info:    ------------------------------------------------------
25542 |Info:    [ProfileManager] Profile loading: Succeeded for MSI PRO B650-VC WIFI (MS-7D78) @ HID: /dev/hidraw2
25542 |Info:    [ProfileManager] Profile loading: Succeeded for Razer Firefly V2 @ HID: /dev/hidraw0
25542 |Info:    [ProfileManager] Profile loading: Succeeded for Razer Blackwidow V4 X @ HID: /dev/hidraw9
