    OpenRGB v0.9+ (1.0rc2)
    Commit:  from 
    Launched: 20260329_234323
====================================================================================================

0     |Info:    [ProfileManager] Found file: sssijue.orp attempting to validate header
0     |Info:    [ProfileManager] Valid v5 profile found for sssijue
52    |Info:    [ResourceManager] Initializing HID interfaces: Success
52    |Info:    ------------------------------------------------------
52    |Info:    |               Start device detection               |
52    |Info:    ------------------------------------------------------
66    |Info:    ------------------------------------------------------
66    |Info:    |             Detecting I2C interfaces               |
66    |Info:    ------------------------------------------------------
66    |Info:    [ResourceManager] Registering I2C interface: /dev/i2c-3 Device 1002:744C Subsystem: 1002:0E3B
66    |Warning: [i2c_smbus_linux] Failed to read i2c device PCI device ID
66    |Info:    [ResourceManager] Registering I2C interface: /dev/i2c-10 Device 0000:0000 Subsystem: 0000:0000
66    |Info:    [ResourceManager] Registering I2C interface: /dev/i2c-1 Device 1002:7444 Subsystem: 1002:0408
66    |Warning: [i2c_smbus_linux] Failed to read i2c device PCI device ID
66    |Info:    [ResourceManager] Registering I2C interface: /dev/i2c-8 Device 0000:0000 Subsystem: 0000:0000
66    |Info:    [ResourceManager] Registering I2C interface: /dev/i2c-6 Device 1002:744C Subsystem: 1002:0E3B
66    |Info:    [ResourceManager] Registering I2C interface: /dev/i2c-13 Device 1022:790B Subsystem: 1462:7D78
66    |Info:    [ResourceManager] Registering I2C interface: /dev/i2c-4 Device 1002:744C Subsystem: 1002:0E3B
66    |Info:    [ResourceManager] Registering I2C interface: /dev/i2c-11 Device 1022:790B Subsystem: 1462:7D78
66    |Info:    [ResourceManager] Registering I2C interface: /dev/i2c-2 Device 1002:744C Subsystem: 1002:0E3B
66    |Info:    [ResourceManager] Registering I2C interface: /dev/i2c-0 Device 0000:0000 Subsystem: 0000:0000
66    |Warning: [i2c_smbus_linux] Failed to read i2c device PCI device ID
66    |Info:    [ResourceManager] Registering I2C interface: /dev/i2c-9 Device 0000:0000 Subsystem: 0000:0000
67    |Info:    [ResourceManager] Registering I2C interface: /dev/i2c-7 Device 1002:744C Subsystem: 1002:0E3B
67    |Info:    [ResourceManager] Registering I2C interface: /dev/i2c-5 Device 1002:744C Subsystem: 1002:0E3B
67    |Info:    [ResourceManager] Registering I2C interface: /dev/i2c-12 Device 1022:790B Subsystem: 1462:7D78
67    |Info:    ------------------------------------------------------
67    |Info:    |               Detecting I2C devices                |
67    |Info:    ------------------------------------------------------
1212  |Info:    ------------------------------------------------------
1213  |Info:    |            Detecting I2C DIMM modules              |
1213  |Info:    ------------------------------------------------------
1541  |Info:    [ResourceManager] Detected occupied slot 2, bus 7, type DDR5
2415  |Info:    [ResourceManager] Detected occupied slot 4, bus 7, type DDR5
2502  |Info:    ------------------------------------------------------
2502  |Info:    |               Detecting I2C PCI devices            |
2502  |Info:    ------------------------------------------------------
2504  |Info:    ------------------------------------------------------
2504  |Info:    |               Detecting HID devices                |
2504  |Info:    ------------------------------------------------------
2661  |Info:    [KLM] Created new Full 104 key ISO QWERTY with 6 rows and 21 columns containing 105 keys
2661  |Info:    [Razer Blackwidow V4 X] Registering RGB controller
2741  |Info:    [MSI PRO B650-VC WIFI (MS-7D78)] Registering RGB controller
2791  |Info:    [Razer Firefly V2] Registering RGB controller
2791  |Info:    ------------------------------------------------------
2791  |Info:    |            Detecting libusb HID devices            |
2791  |Info:    ------------------------------------------------------
3203  |Info:    ------------------------------------------------------
3203  |Info:    |              Detecting other devices               |
3203  |Info:    ------------------------------------------------------
3240  |Info:    [ResourceManager] Calling Post-detection callbacks
3240  |Info:    ------------------------------------------------------
3240  |Info:    |                Detection completed                 |
3240  |Info:    ------------------------------------------------------
