    OpenRGB v0.9+ (1.0rc2)
    Commit:  from 
    Launched: 20260619_085748
====================================================================================================

0     |Info:    [ProfileManager] Found file: sssijue.orp attempting to validate header
0     |Info:    [ProfileManager] Valid v5 profile found for sssijue
0     |Info:    [ProfileManager] Found file: ambilight.orp attempting to validate header
0     |Info:    [ProfileManager] Valid v5 profile found for ambilight
51    |Info:    [ResourceManager] Initializing HID interfaces: Success
51    |Info:    ------------------------------------------------------
51    |Info:    |               Start device detection               |
51    |Info:    ------------------------------------------------------
64    |Info:    ------------------------------------------------------
64    |Info:    |             Detecting I2C interfaces               |
64    |Info:    ------------------------------------------------------
64    |Info:    [ResourceManager] Registering I2C interface: /dev/i2c-3 Device 1002:744C Subsystem: 1002:0E3B
64    |Warning: [i2c_smbus_linux] Failed to read i2c device PCI device ID
64    |Info:    [ResourceManager] Registering I2C interface: /dev/i2c-10 Device 0000:0000 Subsystem: 0000:0000
64    |Info:    [ResourceManager] Registering I2C interface: /dev/i2c-1 Device 1002:7444 Subsystem: 1002:0408
64    |Warning: [i2c_smbus_linux] Failed to read i2c device PCI device ID
64    |Info:    [ResourceManager] Registering I2C interface: /dev/i2c-8 Device 0000:0000 Subsystem: 0000:0000
64    |Info:    [ResourceManager] Registering I2C interface: /dev/i2c-6 Device 1002:744C Subsystem: 1002:0E3B
65    |Info:    [ResourceManager] Registering I2C interface: /dev/i2c-13 Device 1022:790B Subsystem: 1462:7D78
65    |Info:    [ResourceManager] Registering I2C interface: /dev/i2c-4 Device 1002:744C Subsystem: 1002:0E3B
65    |Info:    [ResourceManager] Registering I2C interface: /dev/i2c-11 Device 1022:790B Subsystem: 1462:7D78
65    |Info:    [ResourceManager] Registering I2C interface: /dev/i2c-2 Device 1002:744C Subsystem: 1002:0E3B
65    |Info:    [ResourceManager] Registering I2C interface: /dev/i2c-0 Device 0000:0000 Subsystem: 0000:0000
65    |Warning: [i2c_smbus_linux] Failed to read i2c device PCI device ID
65    |Info:    [ResourceManager] Registering I2C interface: /dev/i2c-9 Device 0000:0000 Subsystem: 0000:0000
65    |Info:    [ResourceManager] Registering I2C interface: /dev/i2c-7 Device 1002:744C Subsystem: 1002:0E3B
65    |Info:    [ResourceManager] Registering I2C interface: /dev/i2c-5 Device 1002:744C Subsystem: 1002:0E3B
65    |Info:    [ResourceManager] Registering I2C interface: /dev/i2c-12 Device 1022:790B Subsystem: 1462:7D78
65    |Info:    ------------------------------------------------------
65    |Info:    |               Detecting I2C devices                |
65    |Info:    ------------------------------------------------------
1034  |Info:    ------------------------------------------------------
1035  |Info:    |            Detecting I2C DIMM modules              |
1035  |Info:    ------------------------------------------------------
1081  |Info:    [ResourceManager] Detected occupied slot 2, bus 7, type DDR5
1086  |Info:    [ResourceManager] Detected occupied slot 4, bus 7, type DDR5
1198  |Info:    ------------------------------------------------------
1198  |Info:    |               Detecting I2C PCI devices            |
1198  |Info:    ------------------------------------------------------
1199  |Info:    ------------------------------------------------------
1199  |Info:    |               Detecting HID devices                |
1199  |Info:    ------------------------------------------------------
1296  |Info:    [KLM] Created new Full 104 key ISO QWERTY with 6 rows and 21 columns containing 105 keys
1296  |Info:    [Razer Blackwidow V4 X] Registering RGB controller
1317  |Info:    [MSI PRO B650-VC WIFI (MS-7D78)] Registering RGB controller
1370  |Info:    [Razer Firefly V2] Registering RGB controller
1370  |Info:    ------------------------------------------------------
1370  |Info:    |            Detecting libusb HID devices            |
1370  |Info:    ------------------------------------------------------
1587  |Info:    ------------------------------------------------------
1587  |Info:    |              Detecting other devices               |
1587  |Info:    ------------------------------------------------------
1607  |Info:    [ResourceManager] Calling Post-detection callbacks
1607  |Info:    ------------------------------------------------------
1607  |Info:    |                Detection completed                 |
1607  |Info:    ------------------------------------------------------
5199  |Info:    [ProfileManager] Profile loading: Succeeded for Razer Blackwidow V4 X @ HID: /dev/hidraw8
5199  |Info:    [ProfileManager] Profile loading: Succeeded for MSI PRO B650-VC WIFI (MS-7D78) @ HID: /dev/hidraw2
5199  |Info:    [ProfileManager] Profile loading: Succeeded for Razer Firefly V2 @ HID: /dev/hidraw0
