    OpenRGB v0.9+ (1.0rc2)
    Commit:  from 
    Launched: 20260526_235245
====================================================================================================

0     |Info:    [ProfileManager] Found file: sssijue.orp attempting to validate header
0     |Info:    [ProfileManager] Valid v5 profile found for sssijue
51    |Info:    [ResourceManager] Initializing HID interfaces: Success
51    |Info:    ------------------------------------------------------
51    |Info:    |               Start device detection               |
51    |Info:    ------------------------------------------------------
65    |Info:    ------------------------------------------------------
65    |Info:    |             Detecting I2C interfaces               |
65    |Info:    ------------------------------------------------------
65    |Info:    [ResourceManager] Registering I2C interface: /dev/i2c-3 Device 1002:744C Subsystem: 1002:0E3B
65    |Warning: [i2c_smbus_linux] Failed to read i2c device PCI device ID
65    |Info:    [ResourceManager] Registering I2C interface: /dev/i2c-10 Device 0000:0000 Subsystem: 0000:0000
65    |Info:    [ResourceManager] Registering I2C interface: /dev/i2c-1 Device 1002:7444 Subsystem: 1002:0408
65    |Warning: [i2c_smbus_linux] Failed to read i2c device PCI device ID
65    |Info:    [ResourceManager] Registering I2C interface: /dev/i2c-8 Device 0000:0000 Subsystem: 0000:0000
65    |Info:    [ResourceManager] Registering I2C interface: /dev/i2c-6 Device 1002:744C Subsystem: 1002:0E3B
65    |Info:    [ResourceManager] Registering I2C interface: /dev/i2c-13 Device 1022:790B Subsystem: 1462:7D78
65    |Info:    [ResourceManager] Registering I2C interface: /dev/i2c-4 Device 1002:744C Subsystem: 1002:0E3B
65    |Info:    [ResourceManager] Registering I2C interface: /dev/i2c-11 Device 1022:790B Subsystem: 1462:7D78
65    |Info:    [ResourceManager] Registering I2C interface: /dev/i2c-2 Device 1002:744C Subsystem: 1002:0E3B
65    |Info:    [ResourceManager] Registering I2C interface: /dev/i2c-0 Device 0000:0000 Subsystem: 0000:0000
65    |Warning: [i2c_smbus_linux] Failed to read i2c device PCI device ID
65    |Info:    [ResourceManager] Registering I2C interface: /dev/i2c-9 Device 0000:0000 Subsystem: 0000:0000
65    |Info:    [ResourceManager] Registering I2C interface: /dev/i2c-7 Device 1002:744C Subsystem: 1002:0E3B
65    |Info:    [ResourceManager] Registering I2C interface: /dev/i2c-5 Device 1002:744C Subsystem: 1002:0E3B
65    |Info:    [ResourceManager] Registering I2C interface: /dev/i2c-12 Device 1022:790B Subsystem: 1462:7D78
65    |Info:    ------------------------------------------------------
65    |Info:    |               Detecting I2C devices                |
65    |Info:    ------------------------------------------------------
1035  |Info:    ------------------------------------------------------
1035  |Info:    |            Detecting I2C DIMM modules              |
1035  |Info:    ------------------------------------------------------
1081  |Info:    [ResourceManager] Detected occupied slot 2, bus 7, type DDR5
1086  |Info:    [ResourceManager] Detected occupied slot 4, bus 7, type DDR5
1152  |Info:    ------------------------------------------------------
1152  |Info:    |               Detecting I2C PCI devices            |
1152  |Info:    ------------------------------------------------------
1153  |Info:    ------------------------------------------------------
1153  |Info:    |               Detecting HID devices                |
1153  |Info:    ------------------------------------------------------
1231  |Info:    [Razer Firefly V2] Registering RGB controller
1328  |Info:    [KLM] Created new Full 104 key ISO QWERTY with 6 rows and 21 columns containing 105 keys
1328  |Info:    [Razer Blackwidow V4 X] Registering RGB controller
1351  |Info:    [MSI PRO B650-VC WIFI (MS-7D78)] Registering RGB controller
1370  |Info:    ------------------------------------------------------
1370  |Info:    |            Detecting libusb HID devices            |
1370  |Info:    ------------------------------------------------------
1615  |Info:    ------------------------------------------------------
1615  |Info:    |              Detecting other devices               |
1615  |Info:    ------------------------------------------------------
1635  |Info:    [ResourceManager] Calling Post-detection callbacks
1635  |Info:    ------------------------------------------------------
1635  |Info:    |                Detection completed                 |
1635  |Info:    ------------------------------------------------------
34549 |Info:    [ResourceManager] Initializing HID interfaces: Success
34549 |Info:    ------------------------------------------------------
34549 |Info:    |               Start device detection               |
34549 |Info:    ------------------------------------------------------
34563 |Info:    ------------------------------------------------------
34563 |Info:    |             Detecting I2C interfaces               |
34563 |Info:    ------------------------------------------------------
34564 |Info:    [ResourceManager] Registering I2C interface: /dev/i2c-3 Device 1002:744C Subsystem: 1002:0E3B
34564 |Warning: [i2c_smbus_linux] Failed to read i2c device PCI device ID
34564 |Info:    [ResourceManager] Registering I2C interface: /dev/i2c-10 Device 0000:0000 Subsystem: 0000:0000
34564 |Info:    [ResourceManager] Registering I2C interface: /dev/i2c-1 Device 1002:7444 Subsystem: 1002:0408
34564 |Warning: [i2c_smbus_linux] Failed to read i2c device PCI device ID
34564 |Info:    [ResourceManager] Registering I2C interface: /dev/i2c-8 Device 0000:0000 Subsystem: 0000:0000
34564 |Info:    [ResourceManager] Registering I2C interface: /dev/i2c-6 Device 1002:744C Subsystem: 1002:0E3B
34564 |Info:    [ResourceManager] Registering I2C interface: /dev/i2c-13 Device 1022:790B Subsystem: 1462:7D78
34564 |Info:    [ResourceManager] Registering I2C interface: /dev/i2c-4 Device 1002:744C Subsystem: 1002:0E3B
34564 |Info:    [ResourceManager] Registering I2C interface: /dev/i2c-11 Device 1022:790B Subsystem: 1462:7D78
34564 |Info:    [ResourceManager] Registering I2C interface: /dev/i2c-2 Device 1002:744C Subsystem: 1002:0E3B
34564 |Info:    [ResourceManager] Registering I2C interface: /dev/i2c-0 Device 0000:0000 Subsystem: 0000:0000
34564 |Warning: [i2c_smbus_linux] Failed to read i2c device PCI device ID
34564 |Info:    [ResourceManager] Registering I2C interface: /dev/i2c-9 Device 0000:0000 Subsystem: 0000:0000
34564 |Info:    [ResourceManager] Registering I2C interface: /dev/i2c-7 Device 1002:744C Subsystem: 1002:0E3B
34564 |Info:    [ResourceManager] Registering I2C interface: /dev/i2c-5 Device 1002:744C Subsystem: 1002:0E3B
34564 |Info:    [ResourceManager] Registering I2C interface: /dev/i2c-12 Device 1022:790B Subsystem: 1462:7D78
34564 |Info:    ------------------------------------------------------
34564 |Info:    |               Detecting I2C devices                |
34564 |Info:    ------------------------------------------------------
35537 |Info:    ------------------------------------------------------
35537 |Info:    |            Detecting I2C DIMM modules              |
35537 |Info:    ------------------------------------------------------
35583 |Info:    [ResourceManager] Detected occupied slot 2, bus 7, type DDR5
35588 |Info:    [ResourceManager] Detected occupied slot 4, bus 7, type DDR5
35654 |Info:    ------------------------------------------------------
35654 |Info:    |               Detecting I2C PCI devices            |
35654 |Info:    ------------------------------------------------------
35656 |Info:    ------------------------------------------------------
35656 |Info:    |               Detecting HID devices                |
35656 |Info:    ------------------------------------------------------
35780 |Info:    [Razer Firefly V2] Registering RGB controller
35877 |Info:    [KLM] Created new Full 104 key ISO QWERTY with 6 rows and 21 columns containing 105 keys
35877 |Info:    [Razer Blackwidow V4 X] Registering RGB controller
35899 |Info:    [MSI PRO B650-VC WIFI (MS-7D78)] Registering RGB controller
35919 |Info:    ------------------------------------------------------
35919 |Info:    |            Detecting libusb HID devices            |
35919 |Info:    ------------------------------------------------------
36154 |Info:    ------------------------------------------------------
36154 |Info:    |              Detecting other devices               |
36154 |Info:    ------------------------------------------------------
36165 |Info:    [ResourceManager] Calling Post-detection callbacks
36165 |Info:    ------------------------------------------------------
36165 |Info:    |                Detection completed                 |
36165 |Info:    ------------------------------------------------------
