    OpenRGB v0.9+ (1.0rc2)
    Commit:  from 
    Launched: 20260530_114733
====================================================================================================

56    |Info:    [ProfileManager] Found file: sssijue.orp attempting to validate header
56    |Info:    [ProfileManager] Valid v5 profile found for sssijue
56    |Info:    [ProfileManager] Found file: ambilight.orp attempting to validate header
56    |Info:    [ProfileManager] Valid v5 profile found for ambilight
108   |Info:    [ResourceManager] Initializing HID interfaces: Success
108   |Info:    ------------------------------------------------------
108   |Info:    |               Start device detection               |
108   |Info:    ------------------------------------------------------
122   |Info:    ------------------------------------------------------
122   |Info:    |             Detecting I2C interfaces               |
122   |Info:    ------------------------------------------------------
122   |Info:    [ResourceManager] Registering I2C interface: /dev/i2c-3 Device 1002:744C Subsystem: 1002:0E3B
122   |Warning: [i2c_smbus_linux] Failed to read i2c device PCI device ID
122   |Info:    [ResourceManager] Registering I2C interface: /dev/i2c-10 Device 0000:0000 Subsystem: 0000:0000
122   |Info:    [ResourceManager] Registering I2C interface: /dev/i2c-1 Device 1002:7444 Subsystem: 1002:0408
122   |Warning: [i2c_smbus_linux] Failed to read i2c device PCI device ID
122   |Info:    [ResourceManager] Registering I2C interface: /dev/i2c-8 Device 0000:0000 Subsystem: 0000:0000
122   |Info:    [ResourceManager] Registering I2C interface: /dev/i2c-6 Device 1002:744C Subsystem: 1002:0E3B
122   |Info:    [ResourceManager] Registering I2C interface: /dev/i2c-13 Device 1022:790B Subsystem: 1462:7D78
122   |Info:    [ResourceManager] Registering I2C interface: /dev/i2c-4 Device 1002:744C Subsystem: 1002:0E3B
122   |Info:    [ResourceManager] Registering I2C interface: /dev/i2c-11 Device 1022:790B Subsystem: 1462:7D78
122   |Info:    [ResourceManager] Registering I2C interface: /dev/i2c-2 Device 1002:744C Subsystem: 1002:0E3B
122   |Info:    [ResourceManager] Registering I2C interface: /dev/i2c-0 Device 0000:0000 Subsystem: 0000:0000
122   |Warning: [i2c_smbus_linux] Failed to read i2c device PCI device ID
122   |Info:    [ResourceManager] Registering I2C interface: /dev/i2c-9 Device 0000:0000 Subsystem: 0000:0000
122   |Info:    [ResourceManager] Registering I2C interface: /dev/i2c-7 Device 1002:744C Subsystem: 1002:0E3B
122   |Info:    [ResourceManager] Registering I2C interface: /dev/i2c-5 Device 1002:744C Subsystem: 1002:0E3B
122   |Info:    [ResourceManager] Registering I2C interface: /dev/i2c-12 Device 1022:790B Subsystem: 1462:7D78
122   |Info:    ------------------------------------------------------
122   |Info:    |               Detecting I2C devices                |
122   |Info:    ------------------------------------------------------
1097  |Info:    ------------------------------------------------------
1097  |Info:    |            Detecting I2C DIMM modules              |
1097  |Info:    ------------------------------------------------------
1143  |Info:    [ResourceManager] Detected occupied slot 2, bus 7, type DDR5
1148  |Info:    [ResourceManager] Detected occupied slot 4, bus 7, type DDR5
1214  |Info:    ------------------------------------------------------
1214  |Info:    |               Detecting I2C PCI devices            |
1214  |Info:    ------------------------------------------------------
1215  |Info:    ------------------------------------------------------
1215  |Info:    |               Detecting HID devices                |
1215  |Info:    ------------------------------------------------------
1294  |Info:    [Razer Firefly V2] Registering RGB controller
1391  |Info:    [KLM] Created new Full 104 key ISO QWERTY with 6 rows and 21 columns containing 105 keys
1391  |Info:    [Razer Blackwidow V4 X] Registering RGB controller
1413  |Info:    [MSI PRO B650-VC WIFI (MS-7D78)] Registering RGB controller
1432  |Info:    ------------------------------------------------------
1432  |Info:    |            Detecting libusb HID devices            |
1432  |Info:    ------------------------------------------------------
1675  |Info:    ------------------------------------------------------
1675  |Info:    |              Detecting other devices               |
1675  |Info:    ------------------------------------------------------
1695  |Info:    [ResourceManager] Calling Post-detection callbacks
1695  |Info:    ------------------------------------------------------
1695  |Info:    |                Detection completed                 |
1695  |Info:    ------------------------------------------------------
6362  |Info:    [ProfileManager] Profile loading: Succeeded for Razer Firefly V2 @ HID: /dev/hidraw1
6362  |Info:    [ProfileManager] Profile loading: Succeeded for Razer Blackwidow V4 X @ HID: /dev/hidraw5
6362  |Info:    [ProfileManager] Profile loading: Succeeded for MSI PRO B650-VC WIFI (MS-7D78) @ HID: /dev/hidraw0
