    OpenRGB v0.9+ (1.0rc3)
    Commit:  from 
    Launched: 20260710_091302
====================================================================================================

0     |Info:    [ProfileManager] Found file: ambilight.orp attempting to validate header
0     |Info:    [ProfileManager] Valid v5 profile found for ambilight
52    |Info:    [ResourceManager] Initializing HID interfaces: Success
52    |Info:    ------------------------------------------------------
52    |Info:    |               Start device detection               |
52    |Info:    ------------------------------------------------------
66    |Info:    ------------------------------------------------------
66    |Info:    |             Detecting I2C interfaces               |
66    |Info:    ------------------------------------------------------
66    |Info:    [ResourceManager] Registering I2C interface: AMDGPU SMU 1 (/dev/i2c-3) Device 1002:744C Subsystem: 1002:0E3B
66    |Info:    [i2c_smbus_linux] Failed to read i2c device PCI device ID
66    |Info:    [ResourceManager] Registering I2C interface: AMDGPU DM aux hw bus 2 (/dev/i2c-10) Device 0000:0000 Subsystem: 0000:0000
66    |Info:    [ResourceManager] Registering I2C interface: Synopsys DesignWare I2C adapter (/dev/i2c-1) Device 1002:7444 Subsystem: 1002:0408
66    |Info:    [i2c_smbus_linux] Failed to read i2c device PCI device ID
66    |Info:    [ResourceManager] Registering I2C interface: AMDGPU DM aux hw bus 0 (/dev/i2c-8) Device 0000:0000 Subsystem: 0000:0000
66    |Info:    [ResourceManager] Registering I2C interface: AMDGPU DM i2c hw bus 2 (/dev/i2c-6) Device 1002:744C Subsystem: 1002:0E3B
66    |Info:    [ResourceManager] Registering I2C interface: SMBus PIIX4 adapter port 1 at 0b20 (/dev/i2c-13) Device 1022:790B Subsystem: 1462:7D78
66    |Info:    [ResourceManager] Registering I2C interface: AMDGPU DM i2c hw bus 0 (/dev/i2c-4) Device 1002:744C Subsystem: 1002:0E3B
66    |Info:    [ResourceManager] Registering I2C interface: SMBus PIIX4 adapter port 0 at 0b00 (/dev/i2c-11) Device 1022:790B Subsystem: 1462:7D78
66    |Info:    [ResourceManager] Registering I2C interface: AMDGPU SMU 0 (/dev/i2c-2) Device 1002:744C Subsystem: 1002:0E3B
66    |Info:    [ResourceManager] Registering I2C interface: Synopsys DesignWare I2C adapter (/dev/i2c-0) Device 0000:0000 Subsystem: 0000:0000
66    |Info:    [i2c_smbus_linux] Failed to read i2c device PCI device ID
66    |Info:    [ResourceManager] Registering I2C interface: AMDGPU DM aux hw bus 1 (/dev/i2c-9) Device 0000:0000 Subsystem: 0000:0000
66    |Info:    [ResourceManager] Registering I2C interface: AMDGPU DM i2c hw bus 3 (/dev/i2c-7) Device 1002:744C Subsystem: 1002:0E3B
66    |Info:    [ResourceManager] Registering I2C interface: AMDGPU DM i2c hw bus 1 (/dev/i2c-5) Device 1002:744C Subsystem: 1002:0E3B
66    |Info:    [ResourceManager] Registering I2C interface: SMBus PIIX4 adapter port 2 at 0b00 (/dev/i2c-12) Device 1022:790B Subsystem: 1462:7D78
66    |Info:    ------------------------------------------------------
66    |Info:    |               Detecting I2C devices                |
67    |Info:    ------------------------------------------------------
751   |Info:    ------------------------------------------------------
751   |Info:    |            Detecting I2C DIMM modules              |
751   |Info:    ------------------------------------------------------
812   |Info:    [ResourceManager] Detected occupied slot 2, bus 7, type DDR5
817   |Info:    [ResourceManager] Detected occupied slot 4, bus 7, type DDR5
896   |Info:    ------------------------------------------------------
896   |Info:    |               Detecting I2C PCI devices            |
896   |Info:    ------------------------------------------------------
897   |Info:    ------------------------------------------------------
897   |Info:    |               Detecting HID devices                |
897   |Info:    ------------------------------------------------------
918   |Info:    [MSI PRO B650-VC WIFI (MS-7D78)] Registering RGB controller
971   |Info:    [Razer Firefly V2] Registering RGB controller
1011  |Info:    [KLM] Created new Full 104 key ISO QWERTY with 6 rows and 21 columns containing 105 keys
1011  |Info:    [Razer Blackwidow V4 X] Registering RGB controller
1011  |Info:    ------------------------------------------------------
1011  |Info:    |            Detecting libusb HID devices            |
1011  |Info:    ------------------------------------------------------
1180  |Info:    ------------------------------------------------------
1180  |Info:    |              Detecting other devices               |
1180  |Info:    ------------------------------------------------------
1199  |Info:    [ResourceManager] Calling Post-detection callbacks
1199  |Info:    ------------------------------------------------------
1199  |Info:    |                Detection completed                 |
1199  |Info:    ------------------------------------------------------
1832  |Info:    [ProfileManager] Profile loading: Succeeded for MSI PRO B650-VC WIFI (MS-7D78) @ HID: /dev/hidraw2
1832  |Info:    [ProfileManager] Profile loading: Succeeded for Razer Firefly V2 @ HID: /dev/hidraw0
1832  |Info:    [ProfileManager] Profile loading: FAILED! for Razer Blackwidow V4 X @ HID: /dev/hidraw9
6268  |Info:    [ProfileManager] Profile loading: Succeeded for MSI PRO B650-VC WIFI (MS-7D78) @ HID: /dev/hidraw2
6268  |Info:    [ProfileManager] Profile loading: Succeeded for Razer Firefly V2 @ HID: /dev/hidraw0
6268  |Info:    [ProfileManager] Profile loading: FAILED! for Razer Blackwidow V4 X @ HID: /dev/hidraw9
19403 |Info:    [ProfileManager] Profile loading: Succeeded for MSI PRO B650-VC WIFI (MS-7D78) @ HID: /dev/hidraw2
19403 |Info:    [ProfileManager] Profile loading: Succeeded for Razer Firefly V2 @ HID: /dev/hidraw0
19403 |Info:    [ProfileManager] Profile loading: FAILED! for Razer Blackwidow V4 X @ HID: /dev/hidraw9
