    OpenRGB v0.9+ (1.0rc2)
    Commit:  from 
    Launched: 20260628_232809
====================================================================================================

28    |Info:    [ProfileManager] Found file: ambilight.orp attempting to validate header
28    |Info:    [ProfileManager] Valid v5 profile found for ambilight
80    |Info:    [ResourceManager] Initializing HID interfaces: Success
80    |Info:    ------------------------------------------------------
80    |Info:    |               Start device detection               |
80    |Info:    ------------------------------------------------------
91    |Info:    ------------------------------------------------------
91    |Info:    |             Detecting I2C interfaces               |
91    |Info:    ------------------------------------------------------
91    |Info:    [ResourceManager] Registering I2C interface: /dev/i2c-3 Device 1002:744C Subsystem: 1002:0E3B
91    |Warning: [i2c_smbus_linux] Failed to read i2c device PCI device ID
91    |Info:    [ResourceManager] Registering I2C interface: /dev/i2c-10 Device 0000:0000 Subsystem: 0000:0000
91    |Info:    [ResourceManager] Registering I2C interface: /dev/i2c-1 Device 1002:7444 Subsystem: 1002:0408
91    |Warning: [i2c_smbus_linux] Failed to read i2c device PCI device ID
92    |Info:    [ResourceManager] Registering I2C interface: /dev/i2c-8 Device 0000:0000 Subsystem: 0000:0000
92    |Info:    [ResourceManager] Registering I2C interface: /dev/i2c-6 Device 1002:744C Subsystem: 1002:0E3B
92    |Info:    [ResourceManager] Registering I2C interface: /dev/i2c-13 Device 1022:790B Subsystem: 1462:7D78
92    |Info:    [ResourceManager] Registering I2C interface: /dev/i2c-4 Device 1002:744C Subsystem: 1002:0E3B
92    |Info:    [ResourceManager] Registering I2C interface: /dev/i2c-11 Device 1022:790B Subsystem: 1462:7D78
92    |Info:    [ResourceManager] Registering I2C interface: /dev/i2c-2 Device 1002:744C Subsystem: 1002:0E3B
92    |Info:    [ResourceManager] Registering I2C interface: /dev/i2c-0 Device 0000:0000 Subsystem: 0000:0000
92    |Warning: [i2c_smbus_linux] Failed to read i2c device PCI device ID
92    |Info:    [ResourceManager] Registering I2C interface: /dev/i2c-9 Device 0000:0000 Subsystem: 0000:0000
92    |Info:    [ResourceManager] Registering I2C interface: /dev/i2c-7 Device 1002:744C Subsystem: 1002:0E3B
92    |Info:    [ResourceManager] Registering I2C interface: /dev/i2c-5 Device 1002:744C Subsystem: 1002:0E3B
92    |Info:    [ResourceManager] Registering I2C interface: /dev/i2c-12 Device 1022:790B Subsystem: 1462:7D78
92    |Info:    ------------------------------------------------------
92    |Info:    |               Detecting I2C devices                |
92    |Info:    ------------------------------------------------------
1355  |Info:    ------------------------------------------------------
1355  |Info:    |            Detecting I2C DIMM modules              |
1355  |Info:    ------------------------------------------------------
1667  |Info:    [ResourceManager] Detected occupied slot 2, bus 7, type DDR5
2568  |Info:    [ResourceManager] Detected occupied slot 4, bus 7, type DDR5
2635  |Info:    ------------------------------------------------------
2635  |Info:    |               Detecting I2C PCI devices            |
2635  |Info:    ------------------------------------------------------
2636  |Info:    ------------------------------------------------------
2636  |Info:    |               Detecting HID devices                |
2636  |Info:    ------------------------------------------------------
2710  |Info:    [MSI PRO B650-VC WIFI (MS-7D78)] Registering RGB controller
2806  |Info:    [Razer Firefly V2] Registering RGB controller
2866  |Info:    [KLM] Created new Full 104 key ISO QWERTY with 6 rows and 21 columns containing 105 keys
2866  |Info:    [Razer Blackwidow V4 X] Registering RGB controller
2866  |Info:    ------------------------------------------------------
2866  |Info:    |            Detecting libusb HID devices            |
2866  |Info:    ------------------------------------------------------
3161  |Info:    ------------------------------------------------------
3161  |Info:    |              Detecting other devices               |
3161  |Info:    ------------------------------------------------------
3179  |Info:    [ResourceManager] Calling Post-detection callbacks
3179  |Info:    ------------------------------------------------------
3179  |Info:    |                Detection completed                 |
3179  |Info:    ------------------------------------------------------
