    OpenRGB v0.9+ (1.0rc2)
    Commit:  from 
    Launched: 20260614_213959
====================================================================================================

0     |Info:    [ProfileManager] Found file: sssijue.orp attempting to validate header
0     |Info:    [ProfileManager] Valid v5 profile found for sssijue
0     |Info:    [ProfileManager] Found file: ambilight.orp attempting to validate header
0     |Info:    [ProfileManager] Valid v5 profile found for ambilight
52    |Info:    [ResourceManager] Initializing HID interfaces: Success
52    |Info:    ------------------------------------------------------
52    |Info:    |               Start device detection               |
52    |Info:    ------------------------------------------------------
68    |Info:    ------------------------------------------------------
68    |Info:    |             Detecting I2C interfaces               |
68    |Info:    ------------------------------------------------------
68    |Info:    [ResourceManager] Registering I2C interface: /dev/i2c-3 Device 1002:744C Subsystem: 1002:0E3B
68    |Warning: [i2c_smbus_linux] Failed to read i2c device PCI device ID
68    |Info:    [ResourceManager] Registering I2C interface: /dev/i2c-10 Device 0000:0000 Subsystem: 0000:0000
68    |Info:    [ResourceManager] Registering I2C interface: /dev/i2c-1 Device 1002:7444 Subsystem: 1002:0408
68    |Warning: [i2c_smbus_linux] Failed to read i2c device PCI device ID
68    |Info:    [ResourceManager] Registering I2C interface: /dev/i2c-8 Device 0000:0000 Subsystem: 0000:0000
69    |Info:    [ResourceManager] Registering I2C interface: /dev/i2c-6 Device 1002:744C Subsystem: 1002:0E3B
69    |Info:    [ResourceManager] Registering I2C interface: /dev/i2c-13 Device 1022:790B Subsystem: 1462:7D78
69    |Info:    [ResourceManager] Registering I2C interface: /dev/i2c-4 Device 1002:744C Subsystem: 1002:0E3B
69    |Info:    [ResourceManager] Registering I2C interface: /dev/i2c-11 Device 1022:790B Subsystem: 1462:7D78
69    |Info:    [ResourceManager] Registering I2C interface: /dev/i2c-2 Device 1002:744C Subsystem: 1002:0E3B
69    |Info:    [ResourceManager] Registering I2C interface: /dev/i2c-0 Device 0000:0000 Subsystem: 0000:0000
69    |Warning: [i2c_smbus_linux] Failed to read i2c device PCI device ID
69    |Info:    [ResourceManager] Registering I2C interface: /dev/i2c-9 Device 0000:0000 Subsystem: 0000:0000
69    |Info:    [ResourceManager] Registering I2C interface: /dev/i2c-7 Device 1002:744C Subsystem: 1002:0E3B
69    |Info:    [ResourceManager] Registering I2C interface: /dev/i2c-5 Device 1002:744C Subsystem: 1002:0E3B
69    |Info:    [ResourceManager] Registering I2C interface: /dev/i2c-12 Device 1022:790B Subsystem: 1462:7D78
69    |Info:    ------------------------------------------------------
69    |Info:    |               Detecting I2C devices                |
69    |Info:    ------------------------------------------------------
1207  |Info:    ------------------------------------------------------
1207  |Info:    |            Detecting I2C DIMM modules              |
1207  |Info:    ------------------------------------------------------
1758  |Info:    [ResourceManager] Detected occupied slot 2, bus 7, type DDR5
2606  |Info:    [ResourceManager] Detected occupied slot 4, bus 7, type DDR5
2956  |Info:    ------------------------------------------------------
2956  |Info:    |               Detecting I2C PCI devices            |
2956  |Info:    ------------------------------------------------------
2958  |Info:    ------------------------------------------------------
2958  |Info:    |               Detecting HID devices                |
2958  |Info:    ------------------------------------------------------
3119  |Info:    [KLM] Created new Full 104 key ISO QWERTY with 6 rows and 21 columns containing 105 keys
3120  |Info:    [Razer Blackwidow V4 X] Registering RGB controller
3198  |Info:    [MSI PRO B650-VC WIFI (MS-7D78)] Registering RGB controller
3248  |Info:    [Razer Firefly V2] Registering RGB controller
3248  |Info:    ------------------------------------------------------
3248  |Info:    |            Detecting libusb HID devices            |
3248  |Info:    ------------------------------------------------------
3663  |Info:    ------------------------------------------------------
3663  |Info:    |              Detecting other devices               |
3663  |Info:    ------------------------------------------------------
3420  |Info:    [ResourceManager] Calling Post-detection callbacks
3421  |Info:    ------------------------------------------------------
3421  |Info:    |                Detection completed                 |
3421  |Info:    ------------------------------------------------------
3693  |Info:    [ProfileManager] Profile loading: Succeeded for Razer Blackwidow V4 X @ HID: /dev/hidraw8
3693  |Info:    [ProfileManager] Profile loading: Succeeded for MSI PRO B650-VC WIFI (MS-7D78) @ HID: /dev/hidraw2
3693  |Info:    [ProfileManager] Profile loading: Succeeded for Razer Firefly V2 @ HID: /dev/hidraw0
