    OpenRGB v0.9+ (1.0rc2)
    Commit:  from 
    Launched: 20260627_172216
====================================================================================================

0     |Info:    [ProfileManager] Found file: ambilight.orp attempting to validate header
0     |Info:    [ProfileManager] Valid v5 profile found for ambilight
52    |Info:    [ResourceManager] Initializing HID interfaces: Success
52    |Info:    ------------------------------------------------------
52    |Info:    |               Start device detection               |
52    |Info:    ------------------------------------------------------
64    |Info:    ------------------------------------------------------
64    |Info:    |             Detecting I2C interfaces               |
64    |Info:    ------------------------------------------------------
64    |Info:    [ResourceManager] Registering I2C interface: /dev/i2c-3 Device 1002:744C Subsystem: 1002:0E3B
64    |Warning: [i2c_smbus_linux] Failed to read i2c device PCI device ID
64    |Info:    [ResourceManager] Registering I2C interface: /dev/i2c-10 Device 0000:0000 Subsystem: 0000:0000
64    |Info:    [ResourceManager] Registering I2C interface: /dev/i2c-1 Device 1002:7444 Subsystem: 1002:0408
65    |Warning: [i2c_smbus_linux] Failed to read i2c device PCI device ID
65    |Info:    [ResourceManager] Registering I2C interface: /dev/i2c-8 Device 0000:0000 Subsystem: 0000:0000
65    |Info:    [ResourceManager] Registering I2C interface: /dev/i2c-6 Device 1002:744C Subsystem: 1002:0E3B
65    |Info:    [ResourceManager] Registering I2C interface: /dev/i2c-13 Device 1022:790B Subsystem: 1462:7D78
65    |Info:    [ResourceManager] Registering I2C interface: /dev/i2c-4 Device 1002:744C Subsystem: 1002:0E3B
65    |Info:    [ResourceManager] Registering I2C interface: /dev/i2c-11 Device 1022:790B Subsystem: 1462:7D78
65    |Info:    [ResourceManager] Registering I2C interface: /dev/i2c-2 Device 1002:744C Subsystem: 1002:0E3B
65    |Info:    [ResourceManager] Registering I2C interface: /dev/i2c-0 Device 0000:0000 Subsystem: 0000:0000
65    |Warning: [i2c_smbus_linux] Failed to read i2c device PCI device ID
65    |Info:    [ResourceManager] Registering I2C interface: /dev/i2c-9 Device 0000:0000 Subsystem: 0000:0000
65    |Info:    [ResourceManager] Registering I2C interface: /dev/i2c-7 Device 1002:744C Subsystem: 1002:0E3B
65    |Info:    [ResourceManager] Registering I2C interface: /dev/i2c-5 Device 1002:744C Subsystem: 1002:0E3B
65    |Info:    [ResourceManager] Registering I2C interface: /dev/i2c-12 Device 1022:790B Subsystem: 1462:7D78
65    |Info:    ------------------------------------------------------
65    |Info:    |               Detecting I2C devices                |
65    |Info:    ------------------------------------------------------
1113  |Info:    ------------------------------------------------------
1113  |Info:    |            Detecting I2C DIMM modules              |
1113  |Info:    ------------------------------------------------------
1710  |Info:    [ResourceManager] Detected occupied slot 2, bus 7, type DDR5
2576  |Info:    [ResourceManager] Detected occupied slot 4, bus 7, type DDR5
2647  |Info:    ------------------------------------------------------
2647  |Info:    |               Detecting I2C PCI devices            |
2647  |Info:    ------------------------------------------------------
2649  |Info:    ------------------------------------------------------
2649  |Info:    |               Detecting HID devices                |
2649  |Info:    ------------------------------------------------------
2722  |Info:    [MSI PRO B650-VC WIFI (MS-7D78)] Registering RGB controller
2772  |Info:    [Razer Firefly V2] Registering RGB controller
2832  |Info:    [KLM] Created new Full 104 key ISO QWERTY with 6 rows and 21 columns containing 105 keys
2832  |Info:    [Razer Blackwidow V4 X] Registering RGB controller
2832  |Info:    ------------------------------------------------------
2832  |Info:    |            Detecting libusb HID devices            |
2832  |Info:    ------------------------------------------------------
3108  |Info:    ------------------------------------------------------
3108  |Info:    |              Detecting other devices               |
3108  |Info:    ------------------------------------------------------
3128  |Info:    [ResourceManager] Calling Post-detection callbacks
3128  |Info:    ------------------------------------------------------
3128  |Info:    |                Detection completed                 |
3128  |Info:    ------------------------------------------------------
3371  |Info:    [ProfileManager] Profile loading: Succeeded for MSI PRO B650-VC WIFI (MS-7D78) @ HID: /dev/hidraw2
3371  |Info:    [ProfileManager] Profile loading: Succeeded for Razer Firefly V2 @ HID: /dev/hidraw0
3371  |Info:    [ProfileManager] Profile loading: Succeeded for Razer Blackwidow V4 X @ HID: /dev/hidraw9
