    OpenRGB v0.9+ (1.0rc2)
    Commit:  from 
    Launched: 20260524_112035
====================================================================================================

5     |Info:    [ProfileManager] Found file: sssijue.orp attempting to validate header
9     |Info:    [ProfileManager] Valid v5 profile found for sssijue
64    |Info:    [ResourceManager] Initializing HID interfaces: Success
64    |Info:    ------------------------------------------------------
64    |Info:    |               Start device detection               |
64    |Info:    ------------------------------------------------------
82    |Info:    ------------------------------------------------------
82    |Info:    |             Detecting I2C interfaces               |
82    |Info:    ------------------------------------------------------
82    |Info:    [ResourceManager] Registering I2C interface: /dev/i2c-3 Device 1002:744C Subsystem: 1002:0E3B
82    |Warning: [i2c_smbus_linux] Failed to read i2c device PCI device ID
82    |Info:    [ResourceManager] Registering I2C interface: /dev/i2c-10 Device 0000:0000 Subsystem: 0000:0000
83    |Info:    [ResourceManager] Registering I2C interface: /dev/i2c-1 Device 1002:7444 Subsystem: 1002:0408
83    |Warning: [i2c_smbus_linux] Failed to read i2c device PCI device ID
83    |Info:    [ResourceManager] Registering I2C interface: /dev/i2c-8 Device 0000:0000 Subsystem: 0000:0000
83    |Info:    [ResourceManager] Registering I2C interface: /dev/i2c-6 Device 1002:744C Subsystem: 1002:0E3B
83    |Info:    [ResourceManager] Registering I2C interface: /dev/i2c-13 Device 1022:790B Subsystem: 1462:7D78
83    |Info:    [ResourceManager] Registering I2C interface: /dev/i2c-4 Device 1002:744C Subsystem: 1002:0E3B
83    |Info:    [ResourceManager] Registering I2C interface: /dev/i2c-11 Device 1022:790B Subsystem: 1462:7D78
83    |Info:    [ResourceManager] Registering I2C interface: /dev/i2c-2 Device 1002:744C Subsystem: 1002:0E3B
83    |Info:    [ResourceManager] Registering I2C interface: /dev/i2c-0 Device 0000:0000 Subsystem: 0000:0000
83    |Warning: [i2c_smbus_linux] Failed to read i2c device PCI device ID
83    |Info:    [ResourceManager] Registering I2C interface: /dev/i2c-9 Device 0000:0000 Subsystem: 0000:0000
83    |Info:    [ResourceManager] Registering I2C interface: /dev/i2c-7 Device 1002:744C Subsystem: 1002:0E3B
83    |Info:    [ResourceManager] Registering I2C interface: /dev/i2c-5 Device 1002:744C Subsystem: 1002:0E3B
83    |Info:    [ResourceManager] Registering I2C interface: /dev/i2c-12 Device 1022:790B Subsystem: 1462:7D78
83    |Info:    ------------------------------------------------------
83    |Info:    |               Detecting I2C devices                |
83    |Info:    ------------------------------------------------------
1086  |Info:    ------------------------------------------------------
1086  |Info:    |            Detecting I2C DIMM modules              |
1086  |Info:    ------------------------------------------------------
2189  |Info:    [ResourceManager] Detected occupied slot 2, bus 7, type DDR5
3208  |Info:    [ResourceManager] Detected occupied slot 4, bus 7, type DDR5
3280  |Info:    ------------------------------------------------------
3280  |Info:    |               Detecting I2C PCI devices            |
3280  |Info:    ------------------------------------------------------
3281  |Info:    ------------------------------------------------------
3281  |Info:    |               Detecting HID devices                |
3281  |Info:    ------------------------------------------------------
3410  |Info:    [Razer Firefly V2] Registering RGB controller
3608  |Info:    [KLM] Created new Full 104 key ISO QWERTY with 6 rows and 21 columns containing 105 keys
3608  |Info:    [Razer Blackwidow V4 X] Registering RGB controller
3688  |Info:    [MSI PRO B650-VC WIFI (MS-7D78)] Registering RGB controller
3688  |Info:    ------------------------------------------------------
3688  |Info:    |            Detecting libusb HID devices            |
3688  |Info:    ------------------------------------------------------
4348  |Info:    ------------------------------------------------------
4348  |Info:    |              Detecting other devices               |
4348  |Info:    ------------------------------------------------------
4366  |Info:    [ResourceManager] Calling Post-detection callbacks
4366  |Info:    ------------------------------------------------------
4366  |Info:    |                Detection completed                 |
4366  |Info:    ------------------------------------------------------
