    OpenRGB v0.9+ (1.0rc2)
    Commit:  from 
    Launched: 20260325_235406
====================================================================================================

0     |Info:    [ProfileManager] Found file: sssijue.orp attempting to validate header
0     |Info:    [ProfileManager] Valid v5 profile found for sssijue
88    |Info:    [ResourceManager] Initializing HID interfaces: Success
88    |Info:    ------------------------------------------------------
88    |Info:    |               Start device detection               |
88    |Info:    ------------------------------------------------------
104   |Info:    ------------------------------------------------------
104   |Info:    |             Detecting I2C interfaces               |
104   |Info:    ------------------------------------------------------
104   |Info:    [ResourceManager] Registering I2C interface: /dev/i2c-3 Device 1002:744C Subsystem: 1002:0E3B
104   |Warning: [i2c_smbus_linux] Failed to read i2c device PCI device ID
104   |Info:    [ResourceManager] Registering I2C interface: /dev/i2c-10 Device 0000:0000 Subsystem: 0000:0000
104   |Info:    [ResourceManager] Registering I2C interface: /dev/i2c-1 Device 1002:7444 Subsystem: 1002:0408
104   |Warning: [i2c_smbus_linux] Failed to read i2c device PCI device ID
104   |Info:    [ResourceManager] Registering I2C interface: /dev/i2c-8 Device 0000:0000 Subsystem: 0000:0000
104   |Info:    [ResourceManager] Registering I2C interface: /dev/i2c-6 Device 1002:744C Subsystem: 1002:0E3B
104   |Info:    [ResourceManager] Registering I2C interface: /dev/i2c-13 Device 1022:790B Subsystem: 1462:7D78
104   |Info:    [ResourceManager] Registering I2C interface: /dev/i2c-4 Device 1002:744C Subsystem: 1002:0E3B
104   |Info:    [ResourceManager] Registering I2C interface: /dev/i2c-11 Device 1022:790B Subsystem: 1462:7D78
104   |Info:    [ResourceManager] Registering I2C interface: /dev/i2c-2 Device 1002:744C Subsystem: 1002:0E3B
104   |Info:    [ResourceManager] Registering I2C interface: /dev/i2c-0 Device 0000:0000 Subsystem: 0000:0000
104   |Warning: [i2c_smbus_linux] Failed to read i2c device PCI device ID
104   |Info:    [ResourceManager] Registering I2C interface: /dev/i2c-9 Device 0000:0000 Subsystem: 0000:0000
104   |Info:    [ResourceManager] Registering I2C interface: /dev/i2c-7 Device 1002:744C Subsystem: 1002:0E3B
104   |Info:    [ResourceManager] Registering I2C interface: /dev/i2c-5 Device 1002:744C Subsystem: 1002:0E3B
104   |Info:    [ResourceManager] Registering I2C interface: /dev/i2c-12 Device 1022:790B Subsystem: 1462:7D78
104   |Info:    ------------------------------------------------------
104   |Info:    |               Detecting I2C devices                |
104   |Info:    ------------------------------------------------------
1200  |Info:    ------------------------------------------------------
1200  |Info:    |            Detecting I2C DIMM modules              |
1200  |Info:    ------------------------------------------------------
1665  |Info:    [ResourceManager] Detected occupied slot 2, bus 7, type DDR5
2523  |Info:    [ResourceManager] Detected occupied slot 4, bus 7, type DDR5
2609  |Info:    ------------------------------------------------------
2609  |Info:    |               Detecting I2C PCI devices            |
2609  |Info:    ------------------------------------------------------
2613  |Info:    ------------------------------------------------------
2613  |Info:    |               Detecting HID devices                |
2613  |Info:    ------------------------------------------------------
2766  |Info:    [KLM] Created new Full 104 key ISO QWERTY with 6 rows and 21 columns containing 105 keys
2767  |Info:    [Razer Blackwidow V4 X] Registering RGB controller
2846  |Info:    [MSI PRO B650-VC WIFI (MS-7D78)] Registering RGB controller
2935  |Info:    [Razer Firefly V2] Registering RGB controller
2935  |Info:    ------------------------------------------------------
2935  |Info:    |            Detecting libusb HID devices            |
2935  |Info:    ------------------------------------------------------
3380  |Info:    ------------------------------------------------------
3380  |Info:    |              Detecting other devices               |
3380  |Info:    ------------------------------------------------------
3400  |Info:    [ResourceManager] Calling Post-detection callbacks
3400  |Info:    ------------------------------------------------------
3400  |Info:    |                Detection completed                 |
3400  |Info:    ------------------------------------------------------
