    OpenRGB v0.9+ (1.0rc2)
    Commit:  from 
    Launched: 20260604_221422
====================================================================================================

0     |Info:    [ProfileManager] Found file: sssijue.orp attempting to validate header
0     |Info:    [ProfileManager] Valid v5 profile found for sssijue
0     |Info:    [ProfileManager] Found file: ambilight.orp attempting to validate header
0     |Info:    [ProfileManager] Valid v5 profile found for ambilight
52    |Info:    [ResourceManager] Initializing HID interfaces: Success
52    |Info:    ------------------------------------------------------
52    |Info:    |               Start device detection               |
52    |Info:    ------------------------------------------------------
67    |Info:    ------------------------------------------------------
67    |Info:    |             Detecting I2C interfaces               |
67    |Info:    ------------------------------------------------------
67    |Info:    [ResourceManager] Registering I2C interface: /dev/i2c-3 Device 1002:744C Subsystem: 1002:0E3B
67    |Warning: [i2c_smbus_linux] Failed to read i2c device PCI device ID
67    |Info:    [ResourceManager] Registering I2C interface: /dev/i2c-10 Device 0000:0000 Subsystem: 0000:0000
67    |Info:    [ResourceManager] Registering I2C interface: /dev/i2c-1 Device 1002:7444 Subsystem: 1002:0408
67    |Warning: [i2c_smbus_linux] Failed to read i2c device PCI device ID
67    |Info:    [ResourceManager] Registering I2C interface: /dev/i2c-8 Device 0000:0000 Subsystem: 0000:0000
68    |Info:    [ResourceManager] Registering I2C interface: /dev/i2c-6 Device 1002:744C Subsystem: 1002:0E3B
68    |Info:    [ResourceManager] Registering I2C interface: /dev/i2c-13 Device 1022:790B Subsystem: 1462:7D78
68    |Info:    [ResourceManager] Registering I2C interface: /dev/i2c-4 Device 1002:744C Subsystem: 1002:0E3B
68    |Info:    [ResourceManager] Registering I2C interface: /dev/i2c-11 Device 1022:790B Subsystem: 1462:7D78
68    |Info:    [ResourceManager] Registering I2C interface: /dev/i2c-2 Device 1002:744C Subsystem: 1002:0E3B
68    |Info:    [ResourceManager] Registering I2C interface: /dev/i2c-0 Device 0000:0000 Subsystem: 0000:0000
68    |Warning: [i2c_smbus_linux] Failed to read i2c device PCI device ID
68    |Info:    [ResourceManager] Registering I2C interface: /dev/i2c-9 Device 0000:0000 Subsystem: 0000:0000
68    |Info:    [ResourceManager] Registering I2C interface: /dev/i2c-7 Device 1002:744C Subsystem: 1002:0E3B
68    |Info:    [ResourceManager] Registering I2C interface: /dev/i2c-5 Device 1002:744C Subsystem: 1002:0E3B
68    |Info:    [ResourceManager] Registering I2C interface: /dev/i2c-12 Device 1022:790B Subsystem: 1462:7D78
68    |Info:    ------------------------------------------------------
68    |Info:    |               Detecting I2C devices                |
68    |Info:    ------------------------------------------------------
1117  |Info:    ------------------------------------------------------
1117  |Info:    |            Detecting I2C DIMM modules              |
1117  |Info:    ------------------------------------------------------
1755  |Info:    [ResourceManager] Detected occupied slot 2, bus 7, type DDR5
2605  |Info:    [ResourceManager] Detected occupied slot 4, bus 7, type DDR5
2697  |Info:    ------------------------------------------------------
2697  |Info:    |               Detecting I2C PCI devices            |
2697  |Info:    ------------------------------------------------------
2699  |Info:    ------------------------------------------------------
2699  |Info:    |               Detecting HID devices                |
2699  |Info:    ------------------------------------------------------
2859  |Info:    [KLM] Created new Full 104 key ISO QWERTY with 6 rows and 21 columns containing 105 keys
2859  |Info:    [Razer Blackwidow V4 X] Registering RGB controller
3155  |Info:    [MSI PRO B650-VC WIFI (MS-7D78)] Registering RGB controller
3205  |Info:    [Razer Firefly V2] Registering RGB controller
3205  |Info:    ------------------------------------------------------
3205  |Info:    |            Detecting libusb HID devices            |
3205  |Info:    ------------------------------------------------------
3629  |Info:    ------------------------------------------------------
3629  |Info:    |              Detecting other devices               |
3629  |Info:    ------------------------------------------------------
3656  |Info:    [ResourceManager] Calling Post-detection callbacks
3656  |Info:    ------------------------------------------------------
3656  |Info:    |                Detection completed                 |
3656  |Info:    ------------------------------------------------------
3658  |Info:    [ProfileManager] Profile loading: Succeeded for Razer Blackwidow V4 X @ HID: /dev/hidraw5
3658  |Info:    [ProfileManager] Profile loading: Succeeded for MSI PRO B650-VC WIFI (MS-7D78) @ HID: /dev/hidraw0
3658  |Info:    [ProfileManager] Profile loading: Succeeded for Razer Firefly V2 @ HID: /dev/hidraw1
