    OpenRGB v0.9+ (1.0rc3)
    Commit:  from 
    Launched: 20260710_212358
====================================================================================================

0     |Info:    [ProfileManager] Found file: ambilight.orp attempting to validate header
0     |Info:    [ProfileManager] Valid v5 profile found for ambilight
0     |Info:    [ProfileManager] Found file: ambilight2.orp attempting to validate header
0     |Info:    [ProfileManager] Valid v5 profile found for ambilight2
52    |Info:    [ResourceManager] Initializing HID interfaces: Success
52    |Info:    ------------------------------------------------------
52    |Info:    |               Start device detection               |
52    |Info:    ------------------------------------------------------
62    |Info:    ------------------------------------------------------
62    |Info:    |             Detecting I2C interfaces               |
62    |Info:    ------------------------------------------------------
62    |Info:    [ResourceManager] Registering I2C interface: AMDGPU SMU 1 (/dev/i2c-3) Device 1002:744C Subsystem: 1002:0E3B
62    |Info:    [i2c_smbus_linux] Failed to read i2c device PCI device ID
62    |Info:    [ResourceManager] Registering I2C interface: AMDGPU DM aux hw bus 2 (/dev/i2c-10) Device 0000:0000 Subsystem: 0000:0000
62    |Info:    [ResourceManager] Registering I2C interface: Synopsys DesignWare I2C adapter (/dev/i2c-1) Device 1002:7444 Subsystem: 1002:0408
62    |Info:    [i2c_smbus_linux] Failed to read i2c device PCI device ID
62    |Info:    [ResourceManager] Registering I2C interface: AMDGPU DM aux hw bus 0 (/dev/i2c-8) Device 0000:0000 Subsystem: 0000:0000
62    |Info:    [ResourceManager] Registering I2C interface: AMDGPU DM i2c hw bus 2 (/dev/i2c-6) Device 1002:744C Subsystem: 1002:0E3B
62    |Info:    [ResourceManager] Registering I2C interface: SMBus PIIX4 adapter port 1 at 0b20 (/dev/i2c-13) Device 1022:790B Subsystem: 1462:7D78
62    |Info:    [ResourceManager] Registering I2C interface: AMDGPU DM i2c hw bus 0 (/dev/i2c-4) Device 1002:744C Subsystem: 1002:0E3B
62    |Info:    [ResourceManager] Registering I2C interface: SMBus PIIX4 adapter port 0 at 0b00 (/dev/i2c-11) Device 1022:790B Subsystem: 1462:7D78
62    |Info:    [ResourceManager] Registering I2C interface: AMDGPU SMU 0 (/dev/i2c-2) Device 1002:744C Subsystem: 1002:0E3B
63    |Info:    [ResourceManager] Registering I2C interface: Synopsys DesignWare I2C adapter (/dev/i2c-0) Device 0000:0000 Subsystem: 0000:0000
63    |Info:    [i2c_smbus_linux] Failed to read i2c device PCI device ID
63    |Info:    [ResourceManager] Registering I2C interface: AMDGPU DM aux hw bus 1 (/dev/i2c-9) Device 0000:0000 Subsystem: 0000:0000
63    |Info:    [ResourceManager] Registering I2C interface: AMDGPU DM i2c hw bus 3 (/dev/i2c-7) Device 1002:744C Subsystem: 1002:0E3B
63    |Info:    [ResourceManager] Registering I2C interface: AMDGPU DM i2c hw bus 1 (/dev/i2c-5) Device 1002:744C Subsystem: 1002:0E3B
63    |Info:    [ResourceManager] Registering I2C interface: SMBus PIIX4 adapter port 2 at 0b00 (/dev/i2c-12) Device 1022:790B Subsystem: 1462:7D78
63    |Info:    ------------------------------------------------------
63    |Info:    |               Detecting I2C devices                |
63    |Info:    ------------------------------------------------------
817   |Info:    ------------------------------------------------------
817   |Info:    |            Detecting I2C DIMM modules              |
817   |Info:    ------------------------------------------------------
1345  |Info:    [ResourceManager] Detected occupied slot 2, bus 7, type DDR5
2228  |Info:    [ResourceManager] Detected occupied slot 4, bus 7, type DDR5
2332  |Info:    ------------------------------------------------------
2332  |Info:    |               Detecting I2C PCI devices            |
2332  |Info:    ------------------------------------------------------
2333  |Info:    ------------------------------------------------------
2333  |Info:    |               Detecting HID devices                |
2333  |Info:    ------------------------------------------------------
2402  |Info:    [MSI PRO B650-VC WIFI (MS-7D78)] Registering RGB controller
2455  |Info:    [Razer Firefly V2] Registering RGB controller
2521  |Info:    [KLM] Created new Full 104 key ISO QWERTY with 6 rows and 21 columns containing 105 keys
2521  |Info:    [Razer Blackwidow V4 X] Registering RGB controller
2521  |Info:    ------------------------------------------------------
2521  |Info:    |            Detecting libusb HID devices            |
2521  |Info:    ------------------------------------------------------
2820  |Info:    ------------------------------------------------------
2820  |Info:    |              Detecting other devices               |
2820  |Info:    ------------------------------------------------------
2839  |Info:    [ResourceManager] Calling Post-detection callbacks
2839  |Info:    ------------------------------------------------------
2839  |Info:    |                Detection completed                 |
2839  |Info:    ------------------------------------------------------
