    OpenRGB v0.9+ (1.0rc2)
    Commit:  from 
    Launched: 20260605_092658
====================================================================================================

0     |Info:    [ProfileManager] Found file: sssijue.orp attempting to validate header
0     |Info:    [ProfileManager] Valid v5 profile found for sssijue
0     |Info:    [ProfileManager] Found file: ambilight.orp attempting to validate header
1     |Info:    [ProfileManager] Valid v5 profile found for ambilight
53    |Info:    [ResourceManager] Initializing HID interfaces: Success
53    |Info:    ------------------------------------------------------
53    |Info:    |               Start device detection               |
53    |Info:    ------------------------------------------------------
67    |Info:    ------------------------------------------------------
67    |Info:    |             Detecting I2C interfaces               |
67    |Info:    ------------------------------------------------------
67    |Info:    [ResourceManager] Registering I2C interface: /dev/i2c-3 Device 1002:744C Subsystem: 1002:0E3B
67    |Warning: [i2c_smbus_linux] Failed to read i2c device PCI device ID
67    |Info:    [ResourceManager] Registering I2C interface: /dev/i2c-10 Device 0000:0000 Subsystem: 0000:0000
67    |Info:    [ResourceManager] Registering I2C interface: /dev/i2c-1 Device 1002:7444 Subsystem: 1002:0408
67    |Warning: [i2c_smbus_linux] Failed to read i2c device PCI device ID
67    |Info:    [ResourceManager] Registering I2C interface: /dev/i2c-8 Device 0000:0000 Subsystem: 0000:0000
67    |Info:    [ResourceManager] Registering I2C interface: /dev/i2c-6 Device 1002:744C Subsystem: 1002:0E3B
67    |Info:    [ResourceManager] Registering I2C interface: /dev/i2c-13 Device 1022:790B Subsystem: 1462:7D78
67    |Info:    [ResourceManager] Registering I2C interface: /dev/i2c-4 Device 1002:744C Subsystem: 1002:0E3B
67    |Info:    [ResourceManager] Registering I2C interface: /dev/i2c-11 Device 1022:790B Subsystem: 1462:7D78
67    |Info:    [ResourceManager] Registering I2C interface: /dev/i2c-2 Device 1002:744C Subsystem: 1002:0E3B
67    |Info:    [ResourceManager] Registering I2C interface: /dev/i2c-0 Device 0000:0000 Subsystem: 0000:0000
67    |Warning: [i2c_smbus_linux] Failed to read i2c device PCI device ID
67    |Info:    [ResourceManager] Registering I2C interface: /dev/i2c-9 Device 0000:0000 Subsystem: 0000:0000
67    |Info:    [ResourceManager] Registering I2C interface: /dev/i2c-7 Device 1002:744C Subsystem: 1002:0E3B
67    |Info:    [ResourceManager] Registering I2C interface: /dev/i2c-5 Device 1002:744C Subsystem: 1002:0E3B
67    |Info:    [ResourceManager] Registering I2C interface: /dev/i2c-12 Device 1022:790B Subsystem: 1462:7D78
67    |Info:    ------------------------------------------------------
67    |Info:    |               Detecting I2C devices                |
67    |Info:    ------------------------------------------------------
1064  |Info:    ------------------------------------------------------
1064  |Info:    |            Detecting I2C DIMM modules              |
1064  |Info:    ------------------------------------------------------
1991  |Info:    [ResourceManager] Detected occupied slot 2, bus 7, type DDR5
2863  |Info:    [ResourceManager] Detected occupied slot 4, bus 7, type DDR5
2935  |Info:    ------------------------------------------------------
2935  |Info:    |               Detecting I2C PCI devices            |
2935  |Info:    ------------------------------------------------------
2936  |Info:    ------------------------------------------------------
2936  |Info:    |               Detecting HID devices                |
2936  |Info:    ------------------------------------------------------
3092  |Info:    [KLM] Created new Full 104 key ISO QWERTY with 6 rows and 21 columns containing 105 keys
3092  |Info:    [Razer Blackwidow V4 X] Registering RGB controller
3174  |Info:    [MSI PRO B650-VC WIFI (MS-7D78)] Registering RGB controller
3229  |Info:    [Razer Firefly V2] Registering RGB controller
3229  |Info:    ------------------------------------------------------
3229  |Info:    |            Detecting libusb HID devices            |
3229  |Info:    ------------------------------------------------------
3556  |Info:    ------------------------------------------------------
3556  |Info:    |              Detecting other devices               |
3556  |Info:    ------------------------------------------------------
3576  |Info:    [ResourceManager] Calling Post-detection callbacks
3576  |Info:    ------------------------------------------------------
3576  |Info:    |                Detection completed                 |
3576  |Info:    ------------------------------------------------------
3577  |Info:    [ProfileManager] Profile loading: Succeeded for Razer Blackwidow V4 X @ HID: /dev/hidraw5
3577  |Info:    [ProfileManager] Profile loading: Succeeded for MSI PRO B650-VC WIFI (MS-7D78) @ HID: /dev/hidraw2
3577  |Info:    [ProfileManager] Profile loading: Succeeded for Razer Firefly V2 @ HID: /dev/hidraw0
