    OpenRGB v0.9+ (1.0rc2)
    Commit:  from 
    Launched: 20260620_223711
====================================================================================================

12    |Info:    [ProfileManager] Found file: sssijue.orp attempting to validate header
12    |Info:    [ProfileManager] Valid v5 profile found for sssijue
12    |Info:    [ProfileManager] Found file: ambilight.orp attempting to validate header
12    |Info:    [ProfileManager] Valid v5 profile found for ambilight
64    |Info:    [ResourceManager] Initializing HID interfaces: Success
64    |Info:    ------------------------------------------------------
64    |Info:    |               Start device detection               |
64    |Info:    ------------------------------------------------------
77    |Info:    ------------------------------------------------------
77    |Info:    |             Detecting I2C interfaces               |
77    |Info:    ------------------------------------------------------
77    |Info:    [ResourceManager] Registering I2C interface: /dev/i2c-3 Device 1002:744C Subsystem: 1002:0E3B
77    |Warning: [i2c_smbus_linux] Failed to read i2c device PCI device ID
77    |Info:    [ResourceManager] Registering I2C interface: /dev/i2c-10 Device 0000:0000 Subsystem: 0000:0000
78    |Info:    [ResourceManager] Registering I2C interface: /dev/i2c-1 Device 1002:7444 Subsystem: 1002:0408
78    |Warning: [i2c_smbus_linux] Failed to read i2c device PCI device ID
78    |Info:    [ResourceManager] Registering I2C interface: /dev/i2c-8 Device 0000:0000 Subsystem: 0000:0000
78    |Info:    [ResourceManager] Registering I2C interface: /dev/i2c-6 Device 1002:744C Subsystem: 1002:0E3B
78    |Info:    [ResourceManager] Registering I2C interface: /dev/i2c-13 Device 1022:790B Subsystem: 1462:7D78
78    |Info:    [ResourceManager] Registering I2C interface: /dev/i2c-4 Device 1002:744C Subsystem: 1002:0E3B
78    |Info:    [ResourceManager] Registering I2C interface: /dev/i2c-11 Device 1022:790B Subsystem: 1462:7D78
78    |Info:    [ResourceManager] Registering I2C interface: /dev/i2c-2 Device 1002:744C Subsystem: 1002:0E3B
78    |Info:    [ResourceManager] Registering I2C interface: /dev/i2c-0 Device 0000:0000 Subsystem: 0000:0000
78    |Warning: [i2c_smbus_linux] Failed to read i2c device PCI device ID
78    |Info:    [ResourceManager] Registering I2C interface: /dev/i2c-9 Device 0000:0000 Subsystem: 0000:0000
78    |Info:    [ResourceManager] Registering I2C interface: /dev/i2c-7 Device 1002:744C Subsystem: 1002:0E3B
78    |Info:    [ResourceManager] Registering I2C interface: /dev/i2c-5 Device 1002:744C Subsystem: 1002:0E3B
78    |Info:    [ResourceManager] Registering I2C interface: /dev/i2c-12 Device 1022:790B Subsystem: 1462:7D78
78    |Info:    ------------------------------------------------------
78    |Info:    |               Detecting I2C devices                |
78    |Info:    ------------------------------------------------------
1057  |Info:    ------------------------------------------------------
1057  |Info:    |            Detecting I2C DIMM modules              |
1057  |Info:    ------------------------------------------------------
1104  |Info:    [ResourceManager] Detected occupied slot 2, bus 7, type DDR5
1108  |Info:    [ResourceManager] Detected occupied slot 4, bus 7, type DDR5
1176  |Info:    ------------------------------------------------------
1176  |Info:    |               Detecting I2C PCI devices            |
1176  |Info:    ------------------------------------------------------
1177  |Info:    ------------------------------------------------------
1177  |Info:    |               Detecting HID devices                |
1177  |Info:    ------------------------------------------------------
1252  |Info:    [MSI PRO B650-VC WIFI (MS-7D78)] Registering RGB controller
1285  |Info:    [Razer Firefly V2] Registering RGB controller
1325  |Info:    [KLM] Created new Full 104 key ISO QWERTY with 6 rows and 21 columns containing 105 keys
1325  |Info:    [Razer Blackwidow V4 X] Registering RGB controller
1325  |Info:    ------------------------------------------------------
1325  |Info:    |            Detecting libusb HID devices            |
1325  |Info:    ------------------------------------------------------
1493  |Info:    ------------------------------------------------------
1493  |Info:    |              Detecting other devices               |
1493  |Info:    ------------------------------------------------------
1513  |Info:    [ResourceManager] Calling Post-detection callbacks
1513  |Info:    ------------------------------------------------------
1513  |Info:    |                Detection completed                 |
1513  |Info:    ------------------------------------------------------
8609  |Info:    [ProfileManager] Found file: sssijue.orp attempting to validate header
8609  |Info:    [ProfileManager] Valid v5 profile found for sssijue
8609  |Info:    [ProfileManager] Found file: ambilight.orp attempting to validate header
8609  |Info:    [ProfileManager] Valid v5 profile found for ambilight
9470  |Info:    [ProfileManager] Profile loading: Succeeded for MSI PRO B650-VC WIFI (MS-7D78) @ HID: /dev/hidraw11
9470  |Info:    [ProfileManager] Profile loading: Succeeded for Razer Firefly V2 @ HID: /dev/hidraw0
9470  |Info:    [ProfileManager] Profile loading: Succeeded for Razer Blackwidow V4 X @ HID: /dev/hidraw9
11398 |Info:    [ProfileManager] Profile loading: Succeeded for MSI PRO B650-VC WIFI (MS-7D78) @ HID: /dev/hidraw11
11398 |Info:    [ProfileManager] Profile loading: Succeeded for Razer Firefly V2 @ HID: /dev/hidraw0
11398 |Info:    [ProfileManager] Profile loading: Succeeded for Razer Blackwidow V4 X @ HID: /dev/hidraw9
12210 |Info:    [ProfileManager] Profile loading: Succeeded for MSI PRO B650-VC WIFI (MS-7D78) @ HID: /dev/hidraw11
12210 |Info:    [ProfileManager] Profile loading: Succeeded for Razer Firefly V2 @ HID: /dev/hidraw0
12210 |Info:    [ProfileManager] Profile loading: Succeeded for Razer Blackwidow V4 X @ HID: /dev/hidraw9
13601 |Info:    [ProfileManager] Profile loading: Succeeded for MSI PRO B650-VC WIFI (MS-7D78) @ HID: /dev/hidraw11
13601 |Info:    [ProfileManager] Profile loading: Succeeded for Razer Firefly V2 @ HID: /dev/hidraw0
13601 |Info:    [ProfileManager] Profile loading: Succeeded for Razer Blackwidow V4 X @ HID: /dev/hidraw9
17615 |Info:    [ProfileManager] Profile loading: Succeeded for MSI PRO B650-VC WIFI (MS-7D78) @ HID: /dev/hidraw11
17615 |Info:    [ProfileManager] Profile loading: Succeeded for Razer Firefly V2 @ HID: /dev/hidraw0
17615 |Info:    [ProfileManager] Profile loading: Succeeded for Razer Blackwidow V4 X @ HID: /dev/hidraw9
114301|Info:    [ProfileManager] Found file: sssijue.orp attempting to validate header
114301|Info:    [ProfileManager] Valid v5 profile found for sssijue
114301|Info:    [ProfileManager] Found file: ambilight.orp attempting to validate header
114301|Info:    [ProfileManager] Valid v5 profile found for ambilight
