    OpenRGB v0.9+ (1.0rc3)
    Commit:  from 
    Launched: 20260719_210556
====================================================================================================

0     |Info:    [ProfileManager] Found file: ambilight2.orp attempting to validate header
0     |Info:    [ProfileManager] Valid v5 profile found for ambilight2
52    |Info:    [ResourceManager] Initializing HID interfaces: Success
52    |Info:    ------------------------------------------------------
52    |Info:    |               Start device detection               |
52    |Info:    ------------------------------------------------------
62    |Info:    ------------------------------------------------------
62    |Info:    |             Detecting I2C interfaces               |
62    |Info:    ------------------------------------------------------
62    |Info:    [ResourceManager] Registering I2C interface: AMDGPU SMU 1 (/dev/i2c-3) Device 1002:744C Subsystem: 1002:0E3B
62    |Info:    [i2c_smbus_linux] Failed to read i2c device PCI device ID
62    |Info:    [ResourceManager] Registering I2C interface: AMDGPU DM aux hw bus 2 (/dev/i2c-10) Device 0000:0000 Subsystem: 0000:0000
62    |Info:    [ResourceManager] Registering I2C interface: Synopsys DesignWare I2C adapter (/dev/i2c-1) Device 1002:7444 Subsystem: 1002:0408
62    |Info:    [i2c_smbus_linux] Failed to read i2c device PCI device ID
62    |Info:    [ResourceManager] Registering I2C interface: AMDGPU DM aux hw bus 0 (/dev/i2c-8) Device 0000:0000 Subsystem: 0000:0000
62    |Info:    [ResourceManager] Registering I2C interface: AMDGPU DM i2c hw bus 2 (/dev/i2c-6) Device 1002:744C Subsystem: 1002:0E3B
62    |Info:    [ResourceManager] Registering I2C interface: SMBus PIIX4 adapter port 1 at 0b20 (/dev/i2c-13) Device 1022:790B Subsystem: 1462:7D78
62    |Info:    [ResourceManager] Registering I2C interface: AMDGPU DM i2c hw bus 0 (/dev/i2c-4) Device 1002:744C Subsystem: 1002:0E3B
62    |Info:    [ResourceManager] Registering I2C interface: SMBus PIIX4 adapter port 0 at 0b00 (/dev/i2c-11) Device 1022:790B Subsystem: 1462:7D78
62    |Info:    [ResourceManager] Registering I2C interface: AMDGPU SMU 0 (/dev/i2c-2) Device 1002:744C Subsystem: 1002:0E3B
62    |Info:    [ResourceManager] Registering I2C interface: Synopsys DesignWare I2C adapter (/dev/i2c-0) Device 0000:0000 Subsystem: 0000:0000
62    |Info:    [i2c_smbus_linux] Failed to read i2c device PCI device ID
62    |Info:    [ResourceManager] Registering I2C interface: AMDGPU DM aux hw bus 1 (/dev/i2c-9) Device 0000:0000 Subsystem: 0000:0000
62    |Info:    [ResourceManager] Registering I2C interface: AMDGPU DM i2c hw bus 3 (/dev/i2c-7) Device 1002:744C Subsystem: 1002:0E3B
62    |Info:    [ResourceManager] Registering I2C interface: AMDGPU DM i2c hw bus 1 (/dev/i2c-5) Device 1002:744C Subsystem: 1002:0E3B
62    |Info:    [ResourceManager] Registering I2C interface: SMBus PIIX4 adapter port 2 at 0b00 (/dev/i2c-12) Device 1022:790B Subsystem: 1462:7D78
62    |Info:    ------------------------------------------------------
62    |Info:    |               Detecting I2C devices                |
62    |Info:    ------------------------------------------------------
810   |Info:    ------------------------------------------------------
810   |Info:    |            Detecting I2C DIMM modules              |
810   |Info:    ------------------------------------------------------
1367  |Info:    [ResourceManager] Detected occupied slot 2, bus 7, type DDR5
2225  |Info:    [ResourceManager] Detected occupied slot 4, bus 7, type DDR5
2674  |Info:    ------------------------------------------------------
2674  |Info:    |               Detecting I2C PCI devices            |
2674  |Info:    ------------------------------------------------------
2675  |Info:    ------------------------------------------------------
2675  |Info:    |               Detecting HID devices                |
2675  |Info:    ------------------------------------------------------
2401  |Info:    [MSI PRO B650-VC WIFI (MS-7D78)] Registering RGB controller
2452  |Info:    [Razer Firefly V2] Registering RGB controller
2512  |Info:    [KLM] Created new Full 104 key ISO QWERTY with 6 rows and 21 columns containing 105 keys
2512  |Info:    [Razer Blackwidow V4 X] Registering RGB controller
2512  |Info:    ------------------------------------------------------
2512  |Info:    |            Detecting libusb HID devices            |
2512  |Info:    ------------------------------------------------------
2786  |Info:    ------------------------------------------------------
2786  |Info:    |              Detecting other devices               |
2786  |Info:    ------------------------------------------------------
2806  |Info:    [ResourceManager] Calling Post-detection callbacks
2806  |Info:    ------------------------------------------------------
2806  |Info:    |                Detection completed                 |
2806  |Info:    ------------------------------------------------------
3130  |Info:    [ProfileManager] Profile loading: FAILED! for MSI PRO B650-VC WIFI (MS-7D78) @ HID: /dev/hidraw2
3130  |Info:    [ProfileManager] Profile loading: FAILED! for Razer Firefly V2 @ HID: /dev/hidraw0
3130  |Info:    [ProfileManager] Profile loading: FAILED! for Razer Blackwidow V4 X @ HID: /dev/hidraw9
