    OpenRGB v0.9+ (1.0rc2)
    Commit:  from 
    Launched: 20260411_221527
====================================================================================================

0     |Info:    [ProfileManager] Found file: sssijue.orp attempting to validate header
0     |Info:    [ProfileManager] Valid v5 profile found for sssijue
53    |Info:    [ResourceManager] Initializing HID interfaces: Success
53    |Info:    ------------------------------------------------------
53    |Info:    |               Start device detection               |
53    |Info:    ------------------------------------------------------
64    |Info:    ------------------------------------------------------
64    |Info:    |             Detecting I2C interfaces               |
64    |Info:    ------------------------------------------------------
64    |Info:    [ResourceManager] Registering I2C interface: /dev/i2c-3 Device 1002:744C Subsystem: 1002:0E3B
64    |Warning: [i2c_smbus_linux] Failed to read i2c device PCI device ID
64    |Info:    [ResourceManager] Registering I2C interface: /dev/i2c-10 Device 0000:0000 Subsystem: 0000:0000
64    |Info:    [ResourceManager] Registering I2C interface: /dev/i2c-1 Device 1002:7444 Subsystem: 1002:0408
64    |Warning: [i2c_smbus_linux] Failed to read i2c device PCI device ID
64    |Info:    [ResourceManager] Registering I2C interface: /dev/i2c-8 Device 0000:0000 Subsystem: 0000:0000
64    |Info:    [ResourceManager] Registering I2C interface: /dev/i2c-6 Device 1002:744C Subsystem: 1002:0E3B
64    |Info:    [ResourceManager] Registering I2C interface: /dev/i2c-13 Device 1022:790B Subsystem: 1462:7D78
64    |Info:    [ResourceManager] Registering I2C interface: /dev/i2c-4 Device 1002:744C Subsystem: 1002:0E3B
64    |Info:    [ResourceManager] Registering I2C interface: /dev/i2c-11 Device 1022:790B Subsystem: 1462:7D78
64    |Info:    [ResourceManager] Registering I2C interface: /dev/i2c-2 Device 1002:744C Subsystem: 1002:0E3B
64    |Info:    [ResourceManager] Registering I2C interface: /dev/i2c-0 Device 0000:0000 Subsystem: 0000:0000
64    |Warning: [i2c_smbus_linux] Failed to read i2c device PCI device ID
64    |Info:    [ResourceManager] Registering I2C interface: /dev/i2c-9 Device 0000:0000 Subsystem: 0000:0000
64    |Info:    [ResourceManager] Registering I2C interface: /dev/i2c-7 Device 1002:744C Subsystem: 1002:0E3B
64    |Info:    [ResourceManager] Registering I2C interface: /dev/i2c-5 Device 1002:744C Subsystem: 1002:0E3B
64    |Info:    [ResourceManager] Registering I2C interface: /dev/i2c-12 Device 1022:790B Subsystem: 1462:7D78
64    |Info:    ------------------------------------------------------
64    |Info:    |               Detecting I2C devices                |
64    |Info:    ------------------------------------------------------
1056  |Info:    ------------------------------------------------------
1056  |Info:    |            Detecting I2C DIMM modules              |
1056  |Info:    ------------------------------------------------------
2000  |Info:    [ResourceManager] Detected occupied slot 2, bus 7, type DDR5
2889  |Info:    [ResourceManager] Detected occupied slot 4, bus 7, type DDR5
2957  |Info:    ------------------------------------------------------
2957  |Info:    |               Detecting I2C PCI devices            |
2957  |Info:    ------------------------------------------------------
2958  |Info:    ------------------------------------------------------
2958  |Info:    |               Detecting HID devices                |
2958  |Info:    ------------------------------------------------------
3114  |Info:    [KLM] Created new Full 104 key ISO QWERTY with 6 rows and 21 columns containing 105 keys
3114  |Info:    [Razer Blackwidow V4 X] Registering RGB controller
3244  |Info:    [Razer Firefly V2] Registering RGB controller
3332  |Info:    [MSI PRO B650-VC WIFI (MS-7D78)] Registering RGB controller
3333  |Info:    ------------------------------------------------------
3333  |Info:    |            Detecting libusb HID devices            |
3333  |Info:    ------------------------------------------------------
3656  |Info:    ------------------------------------------------------
3656  |Info:    |              Detecting other devices               |
3656  |Info:    ------------------------------------------------------
3681  |Info:    [ResourceManager] Calling Post-detection callbacks
3681  |Info:    ------------------------------------------------------
3681  |Info:    |                Detection completed                 |
3681  |Info:    ------------------------------------------------------
