    OpenRGB v0.9+ (1.0rc2)
    Commit:  from 
    Launched: 20260314_200719
====================================================================================================

0     |Info:    [ProfileManager] Found file: sssijue.orp attempting to validate header
0     |Info:    [ProfileManager] Valid v5 profile found for sssijue
52    |Info:    [ResourceManager] Initializing HID interfaces: Success
52    |Info:    ------------------------------------------------------
52    |Info:    |               Start device detection               |
52    |Info:    ------------------------------------------------------
66    |Info:    ------------------------------------------------------
66    |Info:    |             Detecting I2C interfaces               |
66    |Info:    ------------------------------------------------------
72    |Info:    [ResourceManager] Registering I2C interface: /dev/i2c-3 Device 1002:744C Subsystem: 1002:0E3B
72    |Warning: [i2c_smbus_linux] Failed to read i2c device PCI device ID
72    |Info:    [ResourceManager] Registering I2C interface: /dev/i2c-10 Device 0000:0000 Subsystem: 0000:0000
72    |Info:    [ResourceManager] Registering I2C interface: /dev/i2c-1 Device 1002:7444 Subsystem: 1002:0408
73    |Warning: [i2c_smbus_linux] Failed to read i2c device PCI device ID
73    |Info:    [ResourceManager] Registering I2C interface: /dev/i2c-8 Device 0000:0000 Subsystem: 0000:0000
73    |Info:    [ResourceManager] Registering I2C interface: /dev/i2c-6 Device 1002:744C Subsystem: 1002:0E3B
73    |Info:    [ResourceManager] Registering I2C interface: /dev/i2c-13 Device 1022:790B Subsystem: 1462:7D78
73    |Info:    [ResourceManager] Registering I2C interface: /dev/i2c-4 Device 1002:744C Subsystem: 1002:0E3B
73    |Info:    [ResourceManager] Registering I2C interface: /dev/i2c-11 Device 1022:790B Subsystem: 1462:7D78
73    |Info:    [ResourceManager] Registering I2C interface: /dev/i2c-2 Device 1002:744C Subsystem: 1002:0E3B
73    |Info:    [ResourceManager] Registering I2C interface: /dev/i2c-0 Device 0000:0000 Subsystem: 0000:0000
73    |Warning: [i2c_smbus_linux] Failed to read i2c device PCI device ID
73    |Info:    [ResourceManager] Registering I2C interface: /dev/i2c-9 Device 0000:0000 Subsystem: 0000:0000
73    |Info:    [ResourceManager] Registering I2C interface: /dev/i2c-7 Device 1002:744C Subsystem: 1002:0E3B
73    |Info:    [ResourceManager] Registering I2C interface: /dev/i2c-5 Device 1002:744C Subsystem: 1002:0E3B
73    |Info:    [ResourceManager] Registering I2C interface: /dev/i2c-12 Device 1022:790B Subsystem: 1462:7D78
73    |Info:    ------------------------------------------------------
73    |Info:    |               Detecting I2C devices                |
73    |Info:    ------------------------------------------------------
1064  |Info:    ------------------------------------------------------
1064  |Info:    |            Detecting I2C DIMM modules              |
1064  |Info:    ------------------------------------------------------
1113  |Info:    [ResourceManager] Detected occupied slot 2, bus 7, type DDR5
1118  |Info:    [ResourceManager] Detected occupied slot 4, bus 7, type DDR5
1183  |Info:    ------------------------------------------------------
1183  |Info:    |               Detecting I2C PCI devices            |
1183  |Info:    ------------------------------------------------------
1185  |Info:    ------------------------------------------------------
1185  |Info:    |               Detecting HID devices                |
1185  |Info:    ------------------------------------------------------
1281  |Info:    [KLM] Created new Full 104 key ISO QWERTY with 6 rows and 21 columns containing 105 keys
1282  |Info:    [Razer Blackwidow V4 X] Registering RGB controller
1305  |Info:    [MSI PRO B650-VC WIFI (MS-7D78)] Registering RGB controller
1358  |Info:    [Razer Firefly V2] Registering RGB controller
1358  |Info:    ------------------------------------------------------
1358  |Info:    |            Detecting libusb HID devices            |
1358  |Info:    ------------------------------------------------------
1575  |Info:    ------------------------------------------------------
1575  |Info:    |              Detecting other devices               |
1575  |Info:    ------------------------------------------------------
1593  |Info:    [ResourceManager] Calling Post-detection callbacks
1593  |Info:    ------------------------------------------------------
1593  |Info:    |                Detection completed                 |
1593  |Info:    ------------------------------------------------------
