    OpenRGB v0.9+ (1.0rc2)
    Commit:  from 
    Launched: 20260620_085253
====================================================================================================

0     |Info:    [ProfileManager] Found file: sssijue.orp attempting to validate header
0     |Info:    [ProfileManager] Valid v5 profile found for sssijue
0     |Info:    [ProfileManager] Found file: ambilight.orp attempting to validate header
0     |Info:    [ProfileManager] Valid v5 profile found for ambilight
52    |Info:    [ResourceManager] Initializing HID interfaces: Success
52    |Info:    ------------------------------------------------------
52    |Info:    |               Start device detection               |
52    |Info:    ------------------------------------------------------
64    |Info:    ------------------------------------------------------
64    |Info:    |             Detecting I2C interfaces               |
64    |Info:    ------------------------------------------------------
64    |Info:    [ResourceManager] Registering I2C interface: /dev/i2c-3 Device 1002:744C Subsystem: 1002:0E3B
64    |Warning: [i2c_smbus_linux] Failed to read i2c device PCI device ID
64    |Info:    [ResourceManager] Registering I2C interface: /dev/i2c-10 Device 0000:0000 Subsystem: 0000:0000
64    |Info:    [ResourceManager] Registering I2C interface: /dev/i2c-1 Device 1002:7444 Subsystem: 1002:0408
65    |Warning: [i2c_smbus_linux] Failed to read i2c device PCI device ID
65    |Info:    [ResourceManager] Registering I2C interface: /dev/i2c-8 Device 0000:0000 Subsystem: 0000:0000
65    |Info:    [ResourceManager] Registering I2C interface: /dev/i2c-6 Device 1002:744C Subsystem: 1002:0E3B
65    |Info:    [ResourceManager] Registering I2C interface: /dev/i2c-13 Device 1022:790B Subsystem: 1462:7D78
65    |Info:    [ResourceManager] Registering I2C interface: /dev/i2c-4 Device 1002:744C Subsystem: 1002:0E3B
65    |Info:    [ResourceManager] Registering I2C interface: /dev/i2c-11 Device 1022:790B Subsystem: 1462:7D78
65    |Info:    [ResourceManager] Registering I2C interface: /dev/i2c-2 Device 1002:744C Subsystem: 1002:0E3B
65    |Info:    [ResourceManager] Registering I2C interface: /dev/i2c-0 Device 0000:0000 Subsystem: 0000:0000
65    |Warning: [i2c_smbus_linux] Failed to read i2c device PCI device ID
65    |Info:    [ResourceManager] Registering I2C interface: /dev/i2c-9 Device 0000:0000 Subsystem: 0000:0000
65    |Info:    [ResourceManager] Registering I2C interface: /dev/i2c-7 Device 1002:744C Subsystem: 1002:0E3B
65    |Info:    [ResourceManager] Registering I2C interface: /dev/i2c-5 Device 1002:744C Subsystem: 1002:0E3B
65    |Info:    [ResourceManager] Registering I2C interface: /dev/i2c-12 Device 1022:790B Subsystem: 1462:7D78
65    |Info:    ------------------------------------------------------
65    |Info:    |               Detecting I2C devices                |
65    |Info:    ------------------------------------------------------
1034  |Info:    ------------------------------------------------------
1034  |Info:    |            Detecting I2C DIMM modules              |
1034  |Info:    ------------------------------------------------------
1080  |Info:    [ResourceManager] Detected occupied slot 2, bus 7, type DDR5
1084  |Info:    [ResourceManager] Detected occupied slot 4, bus 7, type DDR5
1151  |Info:    ------------------------------------------------------
1151  |Info:    |               Detecting I2C PCI devices            |
1151  |Info:    ------------------------------------------------------
1152  |Info:    ------------------------------------------------------
1152  |Info:    |               Detecting HID devices                |
1152  |Info:    ------------------------------------------------------
1249  |Info:    [KLM] Created new Full 104 key ISO QWERTY with 6 rows and 21 columns containing 105 keys
1249  |Info:    [Razer Blackwidow V4 X] Registering RGB controller
1270  |Info:    [MSI PRO B650-VC WIFI (MS-7D78)] Registering RGB controller
1323  |Info:    [Razer Firefly V2] Registering RGB controller
1323  |Info:    ------------------------------------------------------
1323  |Info:    |            Detecting libusb HID devices            |
1323  |Info:    ------------------------------------------------------
1540  |Info:    ------------------------------------------------------
1540  |Info:    |              Detecting other devices               |
1540  |Info:    ------------------------------------------------------
1560  |Info:    [ResourceManager] Calling Post-detection callbacks
1560  |Info:    ------------------------------------------------------
1560  |Info:    |                Detection completed                 |
1560  |Info:    ------------------------------------------------------
20138 |Info:    [ResourceManager] Initializing HID interfaces: Success
20138 |Info:    ------------------------------------------------------
20138 |Info:    |               Start device detection               |
20138 |Info:    ------------------------------------------------------
20152 |Info:    ------------------------------------------------------
20152 |Info:    |             Detecting I2C interfaces               |
20152 |Info:    ------------------------------------------------------
20152 |Info:    [ResourceManager] Registering I2C interface: /dev/i2c-3 Device 1002:744C Subsystem: 1002:0E3B
20152 |Warning: [i2c_smbus_linux] Failed to read i2c device PCI device ID
20152 |Info:    [ResourceManager] Registering I2C interface: /dev/i2c-10 Device 0000:0000 Subsystem: 0000:0000
20152 |Info:    [ResourceManager] Registering I2C interface: /dev/i2c-1 Device 1002:7444 Subsystem: 1002:0408
20152 |Warning: [i2c_smbus_linux] Failed to read i2c device PCI device ID
20152 |Info:    [ResourceManager] Registering I2C interface: /dev/i2c-8 Device 0000:0000 Subsystem: 0000:0000
20152 |Info:    [ResourceManager] Registering I2C interface: /dev/i2c-6 Device 1002:744C Subsystem: 1002:0E3B
20152 |Info:    [ResourceManager] Registering I2C interface: /dev/i2c-13 Device 1022:790B Subsystem: 1462:7D78
20161 |Info:    [ResourceManager] Registering I2C interface: /dev/i2c-4 Device 1002:744C Subsystem: 1002:0E3B
20161 |Info:    [ResourceManager] Registering I2C interface: /dev/i2c-11 Device 1022:790B Subsystem: 1462:7D78
20161 |Info:    [ResourceManager] Registering I2C interface: /dev/i2c-2 Device 1002:744C Subsystem: 1002:0E3B
20161 |Info:    [ResourceManager] Registering I2C interface: /dev/i2c-0 Device 0000:0000 Subsystem: 0000:0000
20161 |Warning: [i2c_smbus_linux] Failed to read i2c device PCI device ID
20161 |Info:    [ResourceManager] Registering I2C interface: /dev/i2c-9 Device 0000:0000 Subsystem: 0000:0000
20161 |Info:    [ResourceManager] Registering I2C interface: /dev/i2c-7 Device 1002:744C Subsystem: 1002:0E3B
20161 |Info:    [ResourceManager] Registering I2C interface: /dev/i2c-5 Device 1002:744C Subsystem: 1002:0E3B
20161 |Info:    [ResourceManager] Registering I2C interface: /dev/i2c-12 Device 1022:790B Subsystem: 1462:7D78
20161 |Info:    ------------------------------------------------------
20161 |Info:    |               Detecting I2C devices                |
20161 |Info:    ------------------------------------------------------
21133 |Info:    ------------------------------------------------------
21133 |Info:    |            Detecting I2C DIMM modules              |
21133 |Info:    ------------------------------------------------------
21179 |Info:    [ResourceManager] Detected occupied slot 2, bus 7, type DDR5
21184 |Info:    [ResourceManager] Detected occupied slot 4, bus 7, type DDR5
21249 |Info:    ------------------------------------------------------
21249 |Info:    |               Detecting I2C PCI devices            |
21249 |Info:    ------------------------------------------------------
21251 |Info:    ------------------------------------------------------
21251 |Info:    |               Detecting HID devices                |
21251 |Info:    ------------------------------------------------------
21251 |Info:    [HyperX Pulsefire Core] Registering RGB controller
21351 |Info:    [KLM] Created new Full 104 key ISO QWERTY with 6 rows and 21 columns containing 105 keys
21351 |Info:    [Razer Blackwidow V4 X] Registering RGB controller
21379 |Info:    [MSI PRO B650-VC WIFI (MS-7D78)] Registering RGB controller
21432 |Info:    [Razer Firefly V2] Registering RGB controller
21432 |Info:    ------------------------------------------------------
21432 |Info:    |            Detecting libusb HID devices            |
21432 |Info:    ------------------------------------------------------
21683 |Info:    ------------------------------------------------------
21683 |Info:    |              Detecting other devices               |
21683 |Info:    ------------------------------------------------------
21694 |Info:    [ResourceManager] Calling Post-detection callbacks
21694 |Info:    ------------------------------------------------------
21694 |Info:    |                Detection completed                 |
21694 |Info:    ------------------------------------------------------
23540 |Info:    [ProfileManager] Profile loading: FAILED! for HyperX Pulsefire Core @ HID /dev/hidraw4
23540 |Info:    [ProfileManager] Profile loading: Succeeded for Razer Blackwidow V4 X @ HID: /dev/hidraw8
23540 |Info:    [ProfileManager] Profile loading: Succeeded for MSI PRO B650-VC WIFI (MS-7D78) @ HID: /dev/hidraw2
23540 |Info:    [ProfileManager] Profile loading: Succeeded for Razer Firefly V2 @ HID: /dev/hidraw0
59693 |Info:    [ProfileManager] Found file: sssijue.orp attempting to validate header
59693 |Info:    [ProfileManager] Valid v5 profile found for sssijue
59693 |Info:    [ProfileManager] Found file: ambilight.orp attempting to validate header
59693 |Info:    [ProfileManager] Valid v5 profile found for ambilight
61778 |Info:    [ProfileManager] Profile loading: Succeeded for HyperX Pulsefire Core @ HID /dev/hidraw4
61778 |Info:    [ProfileManager] Profile loading: Succeeded for Razer Blackwidow V4 X @ HID: /dev/hidraw8
61778 |Info:    [ProfileManager] Profile loading: Succeeded for MSI PRO B650-VC WIFI (MS-7D78) @ HID: /dev/hidraw2
61778 |Info:    [ProfileManager] Profile loading: Succeeded for Razer Firefly V2 @ HID: /dev/hidraw0
1376829|Info:    [ProfileManager] Profile loading: Succeeded for HyperX Pulsefire Core @ HID /dev/hidraw4
1376869|Info:    [ProfileManager] Profile loading: Succeeded for Razer Blackwidow V4 X @ HID: /dev/hidraw8
1376869|Info:    [ProfileManager] Profile loading: Succeeded for MSI PRO B650-VC WIFI (MS-7D78) @ HID: /dev/hidraw2
1376869|Info:    [ProfileManager] Profile loading: Succeeded for Razer Firefly V2 @ HID: /dev/hidraw0
1379516|Info:    [ProfileManager] Profile loading: Succeeded for HyperX Pulsefire Core @ HID /dev/hidraw4
1379516|Info:    [ProfileManager] Profile loading: Succeeded for Razer Blackwidow V4 X @ HID: /dev/hidraw8
1379516|Info:    [ProfileManager] Profile loading: Succeeded for MSI PRO B650-VC WIFI (MS-7D78) @ HID: /dev/hidraw2
1379516|Info:    [ProfileManager] Profile loading: Succeeded for Razer Firefly V2 @ HID: /dev/hidraw0
1380002|Info:    [ProfileManager] Profile loading: Succeeded for HyperX Pulsefire Core @ HID /dev/hidraw4
1380002|Info:    [ProfileManager] Profile loading: Succeeded for Razer Blackwidow V4 X @ HID: /dev/hidraw8
1380002|Info:    [ProfileManager] Profile loading: Succeeded for MSI PRO B650-VC WIFI (MS-7D78) @ HID: /dev/hidraw2
1380002|Info:    [ProfileManager] Profile loading: Succeeded for Razer Firefly V2 @ HID: /dev/hidraw0
1382411|Info:    [ResourceManager] Initializing HID interfaces: Success
1382411|Info:    ------------------------------------------------------
1382411|Info:    |               Start device detection               |
1382411|Info:    ------------------------------------------------------
1382424|Info:    ------------------------------------------------------
1382424|Info:    |             Detecting I2C interfaces               |
1382424|Info:    ------------------------------------------------------
1382424|Info:    [ResourceManager] Registering I2C interface: /dev/i2c-3 Device 1002:744C Subsystem: 1002:0E3B
1382424|Warning: [i2c_smbus_linux] Failed to read i2c device PCI device ID
1382424|Info:    [ResourceManager] Registering I2C interface: /dev/i2c-10 Device 0000:0000 Subsystem: 0000:0000
1382424|Info:    [ResourceManager] Registering I2C interface: /dev/i2c-1 Device 1002:7444 Subsystem: 1002:0408
1382424|Warning: [i2c_smbus_linux] Failed to read i2c device PCI device ID
1382424|Info:    [ResourceManager] Registering I2C interface: /dev/i2c-8 Device 0000:0000 Subsystem: 0000:0000
1382424|Info:    [ResourceManager] Registering I2C interface: /dev/i2c-6 Device 1002:744C Subsystem: 1002:0E3B
1382424|Info:    [ResourceManager] Registering I2C interface: /dev/i2c-13 Device 1022:790B Subsystem: 1462:7D78
1382424|Info:    [ResourceManager] Registering I2C interface: /dev/i2c-4 Device 1002:744C Subsystem: 1002:0E3B
1382424|Info:    [ResourceManager] Registering I2C interface: /dev/i2c-11 Device 1022:790B Subsystem: 1462:7D78
1382424|Info:    [ResourceManager] Registering I2C interface: /dev/i2c-2 Device 1002:744C Subsystem: 1002:0E3B
1382425|Info:    [ResourceManager] Registering I2C interface: /dev/i2c-0 Device 0000:0000 Subsystem: 0000:0000
1382425|Warning: [i2c_smbus_linux] Failed to read i2c device PCI device ID
1382425|Info:    [ResourceManager] Registering I2C interface: /dev/i2c-9 Device 0000:0000 Subsystem: 0000:0000
1382425|Info:    [ResourceManager] Registering I2C interface: /dev/i2c-7 Device 1002:744C Subsystem: 1002:0E3B
1382425|Info:    [ResourceManager] Registering I2C interface: /dev/i2c-5 Device 1002:744C Subsystem: 1002:0E3B
1382425|Info:    [ResourceManager] Registering I2C interface: /dev/i2c-12 Device 1022:790B Subsystem: 1462:7D78
1382425|Info:    ------------------------------------------------------
1382425|Info:    |               Detecting I2C devices                |
1382425|Info:    ------------------------------------------------------
1383403|Info:    ------------------------------------------------------
1383403|Info:    |            Detecting I2C DIMM modules              |
1383403|Info:    ------------------------------------------------------
1383449|Info:    [ResourceManager] Detected occupied slot 2, bus 7, type DDR5
1383454|Info:    [ResourceManager] Detected occupied slot 4, bus 7, type DDR5
1383521|Info:    ------------------------------------------------------
1383521|Info:    |               Detecting I2C PCI devices            |
1383521|Info:    ------------------------------------------------------
1383523|Info:    ------------------------------------------------------
1383523|Info:    |               Detecting HID devices                |
1383523|Info:    ------------------------------------------------------
1383523|Info:    [HyperX Pulsefire Core] Registering RGB controller
1383544|Info:    [MSI PRO B650-VC WIFI (MS-7D78)] Registering RGB controller
1383598|Info:    [Razer Firefly V2] Registering RGB controller
1383637|Info:    [KLM] Created new Full 104 key ISO QWERTY with 6 rows and 21 columns containing 105 keys
1383637|Info:    [Razer Blackwidow V4 X] Registering RGB controller
1383637|Info:    ------------------------------------------------------
1383637|Info:    |            Detecting libusb HID devices            |
1383637|Info:    ------------------------------------------------------
1383810|Info:    ------------------------------------------------------
1383810|Info:    |              Detecting other devices               |
1383810|Info:    ------------------------------------------------------
1383822|Info:    [ResourceManager] Calling Post-detection callbacks
1383822|Info:    ------------------------------------------------------
1383822|Info:    |                Detection completed                 |
1383822|Info:    ------------------------------------------------------
1384414|Info:    [ProfileManager] Profile loading: Succeeded for HyperX Pulsefire Core @ HID /dev/hidraw4
1384414|Info:    [ProfileManager] Profile loading: Succeeded for MSI PRO B650-VC WIFI (MS-7D78) @ HID: /dev/hidraw2
1384414|Info:    [ProfileManager] Profile loading: Succeeded for Razer Firefly V2 @ HID: /dev/hidraw0
1384414|Info:    [ProfileManager] Profile loading: Succeeded for Razer Blackwidow V4 X @ HID: /dev/hidraw12
1385785|Info:    [ProfileManager] Profile loading: Succeeded for HyperX Pulsefire Core @ HID /dev/hidraw4
1385785|Info:    [ProfileManager] Profile loading: Succeeded for MSI PRO B650-VC WIFI (MS-7D78) @ HID: /dev/hidraw2
1385785|Info:    [ProfileManager] Profile loading: Succeeded for Razer Firefly V2 @ HID: /dev/hidraw0
1385785|Info:    [ProfileManager] Profile loading: Succeeded for Razer Blackwidow V4 X @ HID: /dev/hidraw12
1386312|Info:    [ProfileManager] Profile loading: Succeeded for HyperX Pulsefire Core @ HID /dev/hidraw4
1386312|Info:    [ProfileManager] Profile loading: Succeeded for MSI PRO B650-VC WIFI (MS-7D78) @ HID: /dev/hidraw2
1386312|Info:    [ProfileManager] Profile loading: Succeeded for Razer Firefly V2 @ HID: /dev/hidraw0
1386312|Info:    [ProfileManager] Profile loading: Succeeded for Razer Blackwidow V4 X @ HID: /dev/hidraw12
