    OpenRGB v0.9+ (1.0rc2)
    Commit:  from 
    Launched: 20260625_083955
====================================================================================================

16    |Info:    [ProfileManager] Found file: ambilight.orp attempting to validate header
16    |Info:    [ProfileManager] Valid v5 profile found for ambilight
68    |Info:    [ResourceManager] Initializing HID interfaces: Success
68    |Info:    ------------------------------------------------------
68    |Info:    |               Start device detection               |
68    |Info:    ------------------------------------------------------
79    |Info:    ------------------------------------------------------
79    |Info:    |             Detecting I2C interfaces               |
79    |Info:    ------------------------------------------------------
79    |Info:    [ResourceManager] Registering I2C interface: /dev/i2c-3 Device 1002:744C Subsystem: 1002:0E3B
79    |Warning: [i2c_smbus_linux] Failed to read i2c device PCI device ID
79    |Info:    [ResourceManager] Registering I2C interface: /dev/i2c-10 Device 0000:0000 Subsystem: 0000:0000
79    |Info:    [ResourceManager] Registering I2C interface: /dev/i2c-1 Device 1002:7444 Subsystem: 1002:0408
79    |Warning: [i2c_smbus_linux] Failed to read i2c device PCI device ID
79    |Info:    [ResourceManager] Registering I2C interface: /dev/i2c-8 Device 0000:0000 Subsystem: 0000:0000
79    |Info:    [ResourceManager] Registering I2C interface: /dev/i2c-6 Device 1002:744C Subsystem: 1002:0E3B
79    |Info:    [ResourceManager] Registering I2C interface: /dev/i2c-13 Device 1022:790B Subsystem: 1462:7D78
79    |Info:    [ResourceManager] Registering I2C interface: /dev/i2c-4 Device 1002:744C Subsystem: 1002:0E3B
79    |Info:    [ResourceManager] Registering I2C interface: /dev/i2c-11 Device 1022:790B Subsystem: 1462:7D78
79    |Info:    [ResourceManager] Registering I2C interface: /dev/i2c-2 Device 1002:744C Subsystem: 1002:0E3B
79    |Info:    [ResourceManager] Registering I2C interface: /dev/i2c-0 Device 0000:0000 Subsystem: 0000:0000
79    |Warning: [i2c_smbus_linux] Failed to read i2c device PCI device ID
79    |Info:    [ResourceManager] Registering I2C interface: /dev/i2c-9 Device 0000:0000 Subsystem: 0000:0000
79    |Info:    [ResourceManager] Registering I2C interface: /dev/i2c-7 Device 1002:744C Subsystem: 1002:0E3B
79    |Info:    [ResourceManager] Registering I2C interface: /dev/i2c-5 Device 1002:744C Subsystem: 1002:0E3B
79    |Info:    [ResourceManager] Registering I2C interface: /dev/i2c-12 Device 1022:790B Subsystem: 1462:7D78
79    |Info:    ------------------------------------------------------
79    |Info:    |               Detecting I2C devices                |
79    |Info:    ------------------------------------------------------
1055  |Info:    ------------------------------------------------------
1055  |Info:    |            Detecting I2C DIMM modules              |
1055  |Info:    ------------------------------------------------------
1101  |Info:    [ResourceManager] Detected occupied slot 2, bus 7, type DDR5
1106  |Info:    [ResourceManager] Detected occupied slot 4, bus 7, type DDR5
1171  |Info:    ------------------------------------------------------
1171  |Info:    |               Detecting I2C PCI devices            |
1171  |Info:    ------------------------------------------------------
1173  |Info:    ------------------------------------------------------
1173  |Info:    |               Detecting HID devices                |
1173  |Info:    ------------------------------------------------------
1197  |Info:    [MSI PRO B650-VC WIFI (MS-7D78)] Registering RGB controller
1250  |Info:    [Razer Firefly V2] Registering RGB controller
1290  |Info:    [KLM] Created new Full 104 key ISO QWERTY with 6 rows and 21 columns containing 105 keys
1290  |Info:    [Razer Blackwidow V4 X] Registering RGB controller
1290  |Info:    ------------------------------------------------------
1290  |Info:    |            Detecting libusb HID devices            |
1290  |Info:    ------------------------------------------------------
1458  |Info:    ------------------------------------------------------
1458  |Info:    |              Detecting other devices               |
1458  |Info:    ------------------------------------------------------
1477  |Info:    [ResourceManager] Calling Post-detection callbacks
1478  |Info:    ------------------------------------------------------
1478  |Info:    |                Detection completed                 |
1478  |Info:    ------------------------------------------------------
16632 |Info:    [ProfileManager] Profile loading: Succeeded for MSI PRO B650-VC WIFI (MS-7D78) @ HID: /dev/hidraw2
16632 |Info:    [ProfileManager] Profile loading: Succeeded for Razer Firefly V2 @ HID: /dev/hidraw0
16632 |Info:    [ProfileManager] Profile loading: Succeeded for Razer Blackwidow V4 X @ HID: /dev/hidraw9
