    OpenRGB v0.9+ (1.0rc2)
    Commit:  from 
    Launched: 20260527_090520
====================================================================================================

0     |Info:    [ProfileManager] Found file: sssijue.orp attempting to validate header
0     |Info:    [ProfileManager] Valid v5 profile found for sssijue
0     |Info:    [ProfileManager] Found file: ambilight.orp attempting to validate header
0     |Info:    [ProfileManager] Valid v5 profile found for ambilight
53    |Info:    [ResourceManager] Initializing HID interfaces: Success
53    |Info:    ------------------------------------------------------
53    |Info:    |               Start device detection               |
53    |Info:    ------------------------------------------------------
74    |Info:    ------------------------------------------------------
74    |Info:    |             Detecting I2C interfaces               |
74    |Info:    ------------------------------------------------------
84    |Info:    [ResourceManager] Registering I2C interface: /dev/i2c-3 Device 1002:744C Subsystem: 1002:0E3B
85    |Warning: [i2c_smbus_linux] Failed to read i2c device PCI device ID
85    |Info:    [ResourceManager] Registering I2C interface: /dev/i2c-10 Device 0000:0000 Subsystem: 0000:0000
85    |Info:    [ResourceManager] Registering I2C interface: /dev/i2c-1 Device 1002:7444 Subsystem: 1002:0408
85    |Warning: [i2c_smbus_linux] Failed to read i2c device PCI device ID
85    |Info:    [ResourceManager] Registering I2C interface: /dev/i2c-8 Device 0000:0000 Subsystem: 0000:0000
85    |Info:    [ResourceManager] Registering I2C interface: /dev/i2c-6 Device 1002:744C Subsystem: 1002:0E3B
85    |Info:    [ResourceManager] Registering I2C interface: /dev/i2c-13 Device 1022:790B Subsystem: 1462:7D78
85    |Info:    [ResourceManager] Registering I2C interface: /dev/i2c-4 Device 1002:744C Subsystem: 1002:0E3B
85    |Info:    [ResourceManager] Registering I2C interface: /dev/i2c-11 Device 1022:790B Subsystem: 1462:7D78
85    |Info:    [ResourceManager] Registering I2C interface: /dev/i2c-2 Device 1002:744C Subsystem: 1002:0E3B
85    |Info:    [ResourceManager] Registering I2C interface: /dev/i2c-0 Device 0000:0000 Subsystem: 0000:0000
85    |Warning: [i2c_smbus_linux] Failed to read i2c device PCI device ID
85    |Info:    [ResourceManager] Registering I2C interface: /dev/i2c-9 Device 0000:0000 Subsystem: 0000:0000
85    |Info:    [ResourceManager] Registering I2C interface: /dev/i2c-7 Device 1002:744C Subsystem: 1002:0E3B
86    |Info:    [ResourceManager] Registering I2C interface: /dev/i2c-5 Device 1002:744C Subsystem: 1002:0E3B
86    |Info:    [ResourceManager] Registering I2C interface: /dev/i2c-12 Device 1022:790B Subsystem: 1462:7D78
86    |Info:    ------------------------------------------------------
86    |Info:    |               Detecting I2C devices                |
86    |Info:    ------------------------------------------------------
1124  |Info:    ------------------------------------------------------
1124  |Info:    |            Detecting I2C DIMM modules              |
1124  |Info:    ------------------------------------------------------
1184  |Info:    [ResourceManager] Detected occupied slot 2, bus 7, type DDR5
1190  |Info:    [ResourceManager] Detected occupied slot 4, bus 7, type DDR5
1272  |Info:    ------------------------------------------------------
1272  |Info:    |               Detecting I2C PCI devices            |
1272  |Info:    ------------------------------------------------------
1274  |Info:    ------------------------------------------------------
1274  |Info:    |               Detecting HID devices                |
1274  |Info:    ------------------------------------------------------
1357  |Info:    [Razer Firefly V2] Registering RGB controller
1461  |Info:    [KLM] Created new Full 104 key ISO QWERTY with 6 rows and 21 columns containing 105 keys
1461  |Info:    [Razer Blackwidow V4 X] Registering RGB controller
1483  |Info:    [MSI PRO B650-VC WIFI (MS-7D78)] Registering RGB controller
1503  |Info:    ------------------------------------------------------
1503  |Info:    |            Detecting libusb HID devices            |
1504  |Info:    ------------------------------------------------------
1773  |Info:    ------------------------------------------------------
1773  |Info:    |              Detecting other devices               |
1773  |Info:    ------------------------------------------------------
1830  |Info:    [ResourceManager] Calling Post-detection callbacks
1830  |Info:    ------------------------------------------------------
1830  |Info:    |                Detection completed                 |
1830  |Info:    ------------------------------------------------------
6976  |Info:    [ProfileManager] Profile loading: Succeeded for Razer Firefly V2 @ HID: /dev/hidraw1
6976  |Info:    [ProfileManager] Profile loading: Succeeded for Razer Blackwidow V4 X @ HID: /dev/hidraw8
6976  |Info:    [ProfileManager] Profile loading: Succeeded for MSI PRO B650-VC WIFI (MS-7D78) @ HID: /dev/hidraw0
