updateSsid text: Connecting...
updateTitle text: Not playing
updateArtist text: 
updateSsid text: 
updateArtist text: 
updateTitle text: 
updateSsid text: 
updateTitle text: 
updateArtist text: 
updateSsid text: 
updateTitle text: 
updateArtist text: 
updateSsid text: 
updateTitle text: 
updateArtist text: 
updateSsid text: 
updateTitle text: 
updateArtist text: 
updateSsid text: 
updateTitle text: 
updateArtist text: 
updateSsid text: 
updateTitle text: 
updateArtist text: 
updateSsid text: 
updateTitle text: 
updateArtist text: 
updateSsid text: 
updateTitle text: 
updateArtist text: 
updateSsid text: 
updateTitle text: 
updateArtist text: 
updateSsid text: 
updateTitle text: 
updateArtist text: 
updateSsid text: 
updateTitle text: 
updateArtist text: 
updateSsid text: 
updateTitle text: 
updateArtist text: 
updateSsid text: 
updateTitle text: 
updateArtist text: 
updateSsid text: 
updateTitle text: 
updateArtist text: 
updateSsid text: 
updateTitle text: 
updateArtist text: 
updateSsid text: 
updateTitle text: 
updateArtist text: 
updateSsid text: 
updateTitle text: 
updateArtist text: 
updateSsid text: 
updateTitle text: 
updateArtist text: 
updateSsid text: 
updateTitle text: 
updateArtist text: 
updateSsid text: 
updateTitle text: 
updateArtist text: 
updateSsid text: 
updateTitle text: 
updateArtist text: 
updateSsid text: 
updateTitle text: 
updateArtist text: 
updateSsid text: 
updateTitle text: 
updateArtist text: 
